******************************************************************************
                  TI ARM Linker PC v20.2.7                     
******************************************************************************
>> Linked Tue Mar  3 21:18:18 2026

OUTPUT FILE NAME:   <lab7.out>
ENTRY POINT SYMBOL: "_c_int00_noargs"  address: 0000083d


MEMORY CONFIGURATION

         name            origin    length      used     unused   attr    fill
----------------------  --------  ---------  --------  --------  ----  --------
  MAIN                  00000000   00040000  00000a40  0003f5c0  R  X
  INFO                  00200000   00004000  00000000  00004000  R  X
  SRAM_CODE             01000000   00010000  000002f3  0000fd0d  RW X
  SRAM_DATA             20000000   00010000  000002f3  0000fd0d  RW  


SEGMENT ALLOCATION MAP

run origin  load origin   length   init length attrs members
----------  ----------- ---------- ----------- ----- -------
00000000    00000000    00000a40   00000a40    r-x
  00000000    00000000    000000e4   000000e4    r-- .intvecs
  000000e4    000000e4    000008c8   000008c8    r-x .text
  000009ac    000009ac    00000054   00000054    r-- .const
  00000a00    00000a00    00000040   00000040    r-- .cinit
20000000    20000000    000000f3   00000000    rw-
  20000000    20000000    000000e8   00000000    rw- .vtable
  200000e8    200000e8    0000000a   00000000    rw- .data
  200000f2    200000f2    00000001   00000000    rw- .bss
2000fe00    2000fe00    00000200   00000000    rw-
  2000fe00    2000fe00    00000200   00000000    rw- .stack


SECTION ALLOCATION MAP

 output                                  attributes/
section   page    origin      length       input sections
--------  ----  ----------  ----------   ----------------
.intvecs   0    00000000    000000e4     
                  00000000    000000e4     startup_msp432p401r_ccs.obj (.intvecs:retain)

.text      0    000000e4    000008c8     
                  000000e4    000000ec     lab7.obj (.text:bumperSwitchesHandler)
                  000001d0    000000e8     lab7.obj (.text:configureRobotIO)
                  000002b8    000000a0     lab7.obj (.text:LEDStatesControl)
                  00000358    0000009c     lab7.obj (.text:readLineSensors)
                  000003f4    0000009c     rtsv7M4_T_le_v4SPD16_eabi.lib : memcpy_t2.asm.obj (.text)
                  00000490    00000084     lab7.obj (.text:serviceLEDs)
                  00000514    00000080     msp432p4xx_driverlib.lib : interrupt.o (.text:Interrupt_enableInterrupt)
                  00000594    00000078     system_msp432p401r.obj (.text:SystemInit)
                  0000060c    00000068     rtsv7M4_T_le_v4SPD16_eabi.lib : copy_decompress_lzss.c.obj (.text:decompress:lzss:__TI_decompress_lzss)
                  00000674    00000064     lab7.obj (.text:processSensorData)
                  000006d8    0000005c     msp432p4xx_driverlib.lib : interrupt.o (.text:Interrupt_registerInterrupt)
                  00000734    00000048     lab7.obj (.text:main)
                  0000077c    00000044     rtsv7M4_T_le_v4SPD16_eabi.lib : autoinit.c.obj (.text:__TI_auto_init_nobinit_nopinit:__TI_auto_init_nobinit_nopinit)
                  000007c0    00000040     lab7.obj (.text:configure432IO)
                  00000800    0000003c     msp432p4xx_driverlib.lib : gpio.o (.text:GPIO_interruptEdgeSelect)
                  0000083c    00000034     rtsv7M4_T_le_v4SPD16_eabi.lib : boot_cortex_m.c.obj (.text:_c_int00_noargs:_c_int00_noargs)
                  00000870    00000028     msp432p4xx_driverlib.lib : gpio.o (.text:GPIO_clearInterruptFlag)
                  00000898    00000028                              : gpio.o (.text:GPIO_enableInterrupt)
                  000008c0    00000028                              : gpio.o (.text:GPIO_setOutputHighOnPin)
                  000008e8    00000024                              : gpio.o (.text:GPIO_registerInterrupt)
                  0000090c    0000001c     rtsv7M4_T_le_v4SPD16_eabi.lib : copy_zero_init.c.obj (.text:decompress:ZI:__TI_zero_init_nomemset:__TI_zero_init_nomemset)
                  00000928    0000001a     lab7.obj (.text:toggleRSLKLEDTest)
                  00000942    00000002     startup_msp432p401r_ccs.obj (.text:Default_Handler)
                  00000944    00000018     lab7.obj (.text:toggleAllLEDSOFFTest)
                  0000095c    00000018     lab7.obj (.text:toggleAllLEDSONTest)
                  00000974    00000016     msp432p4xx_driverlib.lib : timer_a.o (.text:Timer_A_startCounter)
                  0000098a    0000000e     rtsv7M4_T_le_v4SPD16_eabi.lib : copy_decompress_none.c.obj (.text:decompress:none:__TI_decompress_none)
                  00000998    0000000c     startup_msp432p401r_ccs.obj (.text:Reset_Handler)
                  000009a4    00000004     rtsv7M4_T_le_v4SPD16_eabi.lib : pre_init.c.obj (.text:_system_pre_init)
                  000009a8    00000004                                   : exit.c.obj (.text:abort:abort)

.const     0    000009ac    00000054     
                  000009ac    00000030     msp432p4xx_driverlib.lib : gpio.o (.const:GPIO_PORT_TO_BASE)
                  000009dc    0000001c                              : gpio.o (.const:GPIO_PORT_TO_INT)
                  000009f8    00000008                              : interrupt.o (.const:g_pulEnRegs)

.cinit     0    00000a00    00000040     
                  00000a00    0000000c     (.cinit..data.load) [load image, compression = lzss]
                  00000a0c    0000000c     (__TI_handler_table)
                  00000a18    00000008     (.cinit..bss.load) [load image, compression = zero_init]
                  00000a20    00000008     (.cinit..vtable.load) [load image, compression = zero_init]
                  00000a28    00000018     (__TI_cinit_table)

.init_array 
*          0    00000000    00000000     UNINITIALIZED

.binit     0    00000000    00000000     

.vtable    0    20000000    000000e8     UNINITIALIZED
                  20000000    000000e8     msp432p4xx_driverlib.lib : interrupt.o (.vtable)

.data      0    200000e8    0000000a     UNINITIALIZED
                  200000e8    0000000a     lab7.obj (.data)

.bss       0    200000f2    00000001     UNINITIALIZED
                  200000f2    00000001     (.common:LED2State)

.stack     0    2000fe00    00000200     UNINITIALIZED
                  2000fe00    00000004     rtsv7M4_T_le_v4SPD16_eabi.lib : boot_cortex_m.c.obj (.stack)
                  2000fe04    000001fc     --HOLE--

__llvm_prf_cnts 
*          0    20000000    00000000     UNINITIALIZED

MODULE SUMMARY

       Module                        code   ro data   rw data
       ------                        ----   -------   -------
    .\
       lab7.obj                      1226   0         22     
       system_msp432p401r.obj        120    0         0      
    +--+-----------------------------+------+---------+---------+
       Total:                        1346   0         22     
                                                             
    .\ccs\
       startup_msp432p401r_ccs.obj   14     228       0      
    +--+-----------------------------+------+---------+---------+
       Total:                        14     228       0      
                                                             
    C:/ti/simplelink_msp432p4_sdk_3_40_01_02/source/ti/devices/msp432p4xx/driverlib/ccs/msp432p4xx_driverlib.lib
       interrupt.o                   220    8         464    
       gpio.o                        216    76        0      
       timer_a.o                     22     0         0      
    +--+-----------------------------+------+---------+---------+
       Total:                        458    84        464    
                                                             
    C:\ti\ccs1271\ccs\tools\compiler\ti-cgt-arm_20.2.7.LTS\lib\rtsv7M4_T_le_v4SPD16_eabi.lib
       memcpy_t2.asm.obj             156    0         0      
       copy_decompress_lzss.c.obj    104    0         0      
       autoinit.c.obj                68     0         0      
       boot_cortex_m.c.obj           52     0         0      
       copy_zero_init.c.obj          28     0         0      
       copy_decompress_none.c.obj    14     0         0      
       exit.c.obj                    4      0         0      
       pre_init.c.obj                4      0         0      
    +--+-----------------------------+------+---------+---------+
       Total:                        430    0         0      
                                                             
       Stack:                        0      0         1024   
       Linker Generated:             0      64        0      
    +--+-----------------------------+------+---------+---------+
       Grand Total:                  2248   376       1510   


LINKER GENERATED COPY TABLES

__TI_cinit_table @ 00000a28 records: 3, size/record: 8, table size: 24
	.data: load addr=00000a00, load size=0000000c bytes, run addr=200000e8, run size=0000000a bytes, compression=lzss
	.bss: load addr=00000a18, load size=00000008 bytes, run addr=200000f2, run size=00000001 bytes, compression=zero_init
	.vtable: load addr=00000a20, load size=00000008 bytes, run addr=20000000, run size=000000e8 bytes, compression=zero_init


LINKER GENERATED HANDLER TABLE

__TI_handler_table @ 00000a0c records: 3, size/record: 4, table size: 12
	index: 0, handler: __TI_zero_init
	index: 1, handler: __TI_decompress_lzss
	index: 2, handler: __TI_decompress_none


GLOBAL SYMBOLS: SORTED ALPHABETICALLY BY Name 

address   name                          
-------   ----                          
00000943  ADC14_IRQHandler              
00000943  AES256_IRQHandler             
200000ea  BMP0                          
200000eb  BMPn                          
00000943  BusFault_Handler              
000009a9  C$$EXIT                       
00000943  COMP_E0_IRQHandler            
00000943  COMP_E1_IRQHandler            
00000943  CS_IRQHandler                 
00000943  DMA_ERR_IRQHandler            
00000943  DMA_INT0_IRQHandler           
00000943  DMA_INT1_IRQHandler           
00000943  DMA_INT2_IRQHandler           
00000943  DMA_INT3_IRQHandler           
00000943  DebugMon_Handler              
00000943  Default_Handler               
00000943  EUSCIA0_IRQHandler            
00000943  EUSCIA1_IRQHandler            
00000943  EUSCIA2_IRQHandler            
00000943  EUSCIA3_IRQHandler            
00000943  EUSCIB0_IRQHandler            
00000943  EUSCIB1_IRQHandler            
00000943  EUSCIB2_IRQHandler            
00000943  EUSCIB3_IRQHandler            
00000943  FLCTL_IRQHandler              
00000943  FPU_IRQHandler                
00000871  GPIO_clearInterruptFlag       
00000899  GPIO_enableInterrupt          
00000801  GPIO_interruptEdgeSelect      
000008e9  GPIO_registerInterrupt        
000008c1  GPIO_setOutputHighOnPin       
00000943  HardFault_Handler             
00000515  Interrupt_enableInterrupt     
000006d9  Interrupt_registerInterrupt   
200000ec  LED1State                     
200000f2  LED2State                     
000002b9  LEDStatesControl              
00000943  MemManage_Handler             
00000943  NMI_Handler                   
00000943  PCM_IRQHandler                
00000943  PORT1_IRQHandler              
00000943  PORT2_IRQHandler              
00000943  PORT3_IRQHandler              
00000943  PORT4_IRQHandler              
00000943  PORT5_IRQHandler              
00000943  PORT6_IRQHandler              
00000943  PSS_IRQHandler                
00000943  PendSV_Handler                
00000943  RTC_C_IRQHandler              
00000999  Reset_Handler                 
00000943  SVC_Handler                   
00000943  SysTick_Handler               
00000595  SystemInit                    
00000943  T32_INT1_IRQHandler           
00000943  T32_INT2_IRQHandler           
00000943  T32_INTC_IRQHandler           
00000943  TA0_0_IRQHandler              
00000943  TA0_N_IRQHandler              
00000943  TA1_0_IRQHandler              
00000943  TA1_N_IRQHandler              
00000943  TA2_0_IRQHandler              
00000943  TA2_N_IRQHandler              
00000943  TA3_0_IRQHandler              
00000943  TA3_N_IRQHandler              
00000975  Timer_A_startCounter          
00000943  UsageFault_Handler            
4000480c  WDTCTL_SYM                    
00000943  WDT_A_IRQHandler              
20010000  __STACK_END                   
00000200  __STACK_SIZE                  
00000a28  __TI_CINIT_Base               
00000a40  __TI_CINIT_Limit              
00000a0c  __TI_Handler_Table_Base       
00000a18  __TI_Handler_Table_Limit      
0000077d  __TI_auto_init_nobinit_nopinit
0000060d  __TI_decompress_lzss          
0000098b  __TI_decompress_none          
ffffffff  __TI_pprof_out_hndl           
ffffffff  __TI_prof_data_size           
ffffffff  __TI_prof_data_start          
00000000  __TI_static_base__            
0000090d  __TI_zero_init_nomemset       
000003f5  __aeabi_memcpy                
000003f5  __aeabi_memcpy4               
000003f5  __aeabi_memcpy8               
ffffffff  __binit__                     
ffffffff  __c_args__                    
UNDEFED   __mpu_init                    
2000fe00  __stack                       
20000000  __start___llvm_prf_cnts       
20000000  __stop___llvm_prf_cnts        
0000083d  _c_int00_noargs               
UNDEFED   _system_post_cinit            
000009a5  _system_pre_init              
000009a9  abort                         
ffffffff  binit                         
000000e5  bumperSwitchesHandler         
000007c1  configure432IO                
000001d1  configureRobotIO              
200000ed  currentMode                   
20000000  g_pfnRAMVectors               
00000000  interruptVectors              
200000ef  leftCount                     
200000e8  leftMotorState                
00000735  main                          
000003f5  memcpy                        
00000675  processSensorData             
00000359  readLineSensors               
200000f0  rightCount                    
200000e9  rightMotorState               
200000ee  sensorValues                  
00000491  serviceLEDs                   
00000945  toggleAllLEDSOFFTest          
0000095d  toggleAllLEDSONTest           
00000929  toggleRSLKLEDTest             
200000f1  totalCount                    


GLOBAL SYMBOLS: SORTED BY Symbol Address 

address   name                          
-------   ----                          
00000000  __TI_static_base__            
00000000  interruptVectors              
000000e5  bumperSwitchesHandler         
000001d1  configureRobotIO              
00000200  __STACK_SIZE                  
000002b9  LEDStatesControl              
00000359  readLineSensors               
000003f5  __aeabi_memcpy                
000003f5  __aeabi_memcpy4               
000003f5  __aeabi_memcpy8               
000003f5  memcpy                        
00000491  serviceLEDs                   
00000515  Interrupt_enableInterrupt     
00000595  SystemInit                    
0000060d  __TI_decompress_lzss          
00000675  processSensorData             
000006d9  Interrupt_registerInterrupt   
00000735  main                          
0000077d  __TI_auto_init_nobinit_nopinit
000007c1  configure432IO                
00000801  GPIO_interruptEdgeSelect      
0000083d  _c_int00_noargs               
00000871  GPIO_clearInterruptFlag       
00000899  GPIO_enableInterrupt          
000008c1  GPIO_setOutputHighOnPin       
000008e9  GPIO_registerInterrupt        
0000090d  __TI_zero_init_nomemset       
00000929  toggleRSLKLEDTest             
00000943  ADC14_IRQHandler              
00000943  AES256_IRQHandler             
00000943  BusFault_Handler              
00000943  COMP_E0_IRQHandler            
00000943  COMP_E1_IRQHandler            
00000943  CS_IRQHandler                 
00000943  DMA_ERR_IRQHandler            
00000943  DMA_INT0_IRQHandler           
00000943  DMA_INT1_IRQHandler           
00000943  DMA_INT2_IRQHandler           
00000943  DMA_INT3_IRQHandler           
00000943  DebugMon_Handler              
00000943  Default_Handler               
00000943  EUSCIA0_IRQHandler            
00000943  EUSCIA1_IRQHandler            
00000943  EUSCIA2_IRQHandler            
00000943  EUSCIA3_IRQHandler            
00000943  EUSCIB0_IRQHandler            
00000943  EUSCIB1_IRQHandler            
00000943  EUSCIB2_IRQHandler            
00000943  EUSCIB3_IRQHandler            
00000943  FLCTL_IRQHandler              
00000943  FPU_IRQHandler                
00000943  HardFault_Handler             
00000943  MemManage_Handler             
00000943  NMI_Handler                   
00000943  PCM_IRQHandler                
00000943  PORT1_IRQHandler              
00000943  PORT2_IRQHandler              
00000943  PORT3_IRQHandler              
00000943  PORT4_IRQHandler              
00000943  PORT5_IRQHandler              
00000943  PORT6_IRQHandler              
00000943  PSS_IRQHandler                
00000943  PendSV_Handler                
00000943  RTC_C_IRQHandler              
00000943  SVC_Handler                   
00000943  SysTick_Handler               
00000943  T32_INT1_IRQHandler           
00000943  T32_INT2_IRQHandler           
00000943  T32_INTC_IRQHandler           
00000943  TA0_0_IRQHandler              
00000943  TA0_N_IRQHandler              
00000943  TA1_0_IRQHandler              
00000943  TA1_N_IRQHandler              
00000943  TA2_0_IRQHandler              
00000943  TA2_N_IRQHandler              
00000943  TA3_0_IRQHandler              
00000943  TA3_N_IRQHandler              
00000943  UsageFault_Handler            
00000943  WDT_A_IRQHandler              
00000945  toggleAllLEDSOFFTest          
0000095d  toggleAllLEDSONTest           
00000975  Timer_A_startCounter          
0000098b  __TI_decompress_none          
00000999  Reset_Handler                 
000009a5  _system_pre_init              
000009a9  C$$EXIT                       
000009a9  abort                         
00000a0c  __TI_Handler_Table_Base       
00000a18  __TI_Handler_Table_Limit      
00000a28  __TI_CINIT_Base               
00000a40  __TI_CINIT_Limit              
20000000  __start___llvm_prf_cnts       
20000000  __stop___llvm_prf_cnts        
20000000  g_pfnRAMVectors               
200000e8  leftMotorState                
200000e9  rightMotorState               
200000ea  BMP0                          
200000eb  BMPn                          
200000ec  LED1State                     
200000ed  currentMode                   
200000ee  sensorValues                  
200000ef  leftCount                     
200000f0  rightCount                    
200000f1  totalCount                    
200000f2  LED2State                     
2000fe00  __stack                       
20010000  __STACK_END                   
4000480c  WDTCTL_SYM                    
ffffffff  __TI_pprof_out_hndl           
ffffffff  __TI_prof_data_size           
ffffffff  __TI_prof_data_start          
ffffffff  __binit__                     
ffffffff  __c_args__                    
ffffffff  binit                         
UNDEFED   __mpu_init                    
UNDEFED   _system_post_cinit            

[116 symbols]
