******************************************************************************
                  TI ARM Linker PC v20.2.7                     
******************************************************************************
>> Linked Tue Mar 31 21:07:51 2026

OUTPUT FILE NAME:   <lab9.out>
ENTRY POINT SYMBOL: "_c_int00_noargs"  address: 0000257d


MEMORY CONFIGURATION

         name            origin    length      used     unused   attr    fill
----------------------  --------  ---------  --------  --------  ----  --------
  MAIN                  00000000   00040000  00002a38  0003d5c8  R  X
  INFO                  00200000   00004000  00000000  00004000  R  X
  SRAM_CODE             01000000   00010000  00000220  0000fde0  RW X
  SRAM_DATA             20000000   00010000  00000220  0000fde0  RW  


SEGMENT ALLOCATION MAP

run origin  load origin   length   init length attrs members
----------  ----------- ---------- ----------- ----- -------
00000000    00000000    00002a38   00002a38    r-x
  00000000    00000000    000000e4   000000e4    r-- .intvecs
  000000e4    000000e4    000027c8   000027c8    r-x .text
  000028ac    000028ac    00000164   00000164    r-- .const
  00002a10    00002a10    00000028   00000028    r-- .cinit
20000000    20000000    00000020   00000000    rw-
  20000000    20000000    00000020   00000000    rw- .data
2000fe00    2000fe00    00000200   00000000    rw-
  2000fe00    2000fe00    00000200   00000000    rw- .stack


SECTION ALLOCATION MAP

 output                                  attributes/
section   page    origin      length       input sections
--------  ----  ----------  ----------   ----------------
.intvecs   0    00000000    000000e4     
                  00000000    000000e4     startup_msp432p401r_ccs.obj (.intvecs:retain)

.text      0    000000e4    000027c8     
                  000000e4    00000a4e     rtsv7M4_T_le_v4SPD16_eabi.lib : _printfi.c.obj (.text:__TI_printfi)
                  00000b32    00000002     startup_msp432p401r_ccs.obj (.text:Default_Handler)
                  00000b34    00000270     rtsv7M4_T_le_v4SPD16_eabi.lib : _printfi.c.obj (.text:_pconv_a)
                  00000da4    000001d0                                   : _printfi.c.obj (.text:_pconv_g)
                  00000f74    000001b6                                   : fd_add_t2.asm.obj (.text)
                  0000112a    00000002                                   : div0.asm.obj (.text)
                  0000112c    00000144     lab9Test.obj (.text:main)
                  00001270    00000144     msp432p4xx_driverlib.lib : timer_a.o (.text:privateTimer_AProcessClockSourceDivider)
                  000013b4    0000013c     rtsv7M4_T_le_v4SPD16_eabi.lib : _printfi.c.obj (.text:_pconv_e)
                  000014f0    00000136                                   : fd_div_t2.asm.obj (.text)
                  00001626    00000002     --HOLE-- [fill = 0]
                  00001628    00000124                                   : _printfi.c.obj (.text:fcvt)
                  0000174c    0000011c     msp432p4xx_driverlib.lib : uart.o (.text:UART_initModule)
                  00001868    00000110     rtsv7M4_T_le_v4SPD16_eabi.lib : s_scalbn.c.obj (.text:scalbn)
                  00001978    000000fc                                   : fd_mul_t2.asm.obj (.text)
                  00001a74    000000b1                                   : _printfi.c.obj (.text:_ltostr)
                  00001b25    00000001     --HOLE-- [fill = 0]
                  00001b26    0000009c                                   : memcpy_t2.asm.obj (.text)
                  00001bc2    00000096                                   : ull_div_t2.asm.obj (.text)
                  00001c58    00000088     msp432p4xx_driverlib.lib : gpio.o (.text:GPIO_setAsPeripheralModuleFunctionOutputPin)
                  00001ce0    00000086     rtsv7M4_T_le_v4SPD16_eabi.lib : fd_cmp_t2.asm.obj (.text:__aeabi_cdcmple)
                  00001d66    00000086                                   : fd_cmp_t2.asm.obj (.text:__aeabi_cdrcmple)
                  00001dec    00000084     msp432p4xx_driverlib.lib : gpio.o (.text:GPIO_getEnabledInterruptStatus)
                  00001e70    00000080                              : interrupt.o (.text:Interrupt_enableInterrupt)
                  00001ef0    0000007c     HALUART432.obj (.text:UART_init)
                  00001f6c    0000007a     rtsv7M4_T_le_v4SPD16_eabi.lib : memset_t2.asm.obj (.text)
                  00001fe6    00000002     --HOLE-- [fill = 0]
                  00001fe8    00000078     system_msp432p401r.obj (.text:SystemInit)
                  00002060    00000074     msp432p4xx_driverlib.lib : timer_a.o (.text:Timer_A_generatePWM)
                  000020d4    0000006e     rtsv7M4_T_le_v4SPD16_eabi.lib : _printfi.c.obj (.text:_mcpy)
                  00002142    00000068                                   : copy_decompress_lzss.c.obj (.text:decompress:lzss:__TI_decompress_lzss)
                  000021aa    00000002     --HOLE-- [fill = 0]
                  000021ac    00000064                                   : s_frexp.c.obj (.text:frexp)
                  00002210    00000058     msp432p4xx_driverlib.lib : gpio.o (.text:GPIO_setAsInputPinWithPullUpResistor)
                  00002268    00000056     rtsv7M4_T_le_v4SPD16_eabi.lib : _printfi.c.obj (.text:_pconv_f)
                  000022be    00000054                                   : _ltoa.c.obj (.text:__TI_ltoa)
                  00002312    00000052                                   : _printfi.c.obj (.text:_ecpy)
                  00002364    0000004c                                   : atoi.c.obj (.text:atoi)
                  000023b0    00000048                                   : fd_toi_t2.asm.obj (.text)
                  000023f8    00000044     lab9Test.obj (.text:Motor_Init)
                  0000243c    00000044     rtsv7M4_T_le_v4SPD16_eabi.lib : autoinit.c.obj (.text:__TI_auto_init_nobinit_nopinit:__TI_auto_init_nobinit_nopinit)
                  00002480    00000040     msp432p4xx_driverlib.lib : gpio.o (.text:GPIO_setAsOutputPin)
                  000024c0    00000040     rtsv7M4_T_le_v4SPD16_eabi.lib : sprintf.c.obj (.text:sprintf)
                  00002500    0000003e                                   : _printfi.c.obj (.text:_fcpy)
                  0000253e    00000002     --HOLE-- [fill = 0]
                  00002540    0000003c     msp432p4xx_driverlib.lib : gpio.o (.text:GPIO_interruptEdgeSelect)
                  0000257c    00000034     rtsv7M4_T_le_v4SPD16_eabi.lib : boot_cortex_m.c.obj (.text:_c_int00_noargs:_c_int00_noargs)
                  000025b0    00000030     msp432p4xx_driverlib.lib : gpio.o (.text:GPIO_getInputPinValue)
                  000025e0    00000030     HALUART432.obj (.text:UART_transmitString)
                  00002610    0000002e     rtsv7M4_T_le_v4SPD16_eabi.lib : i_tofd_t2.asm.obj (.text)
                  0000263e    00000002     --HOLE-- [fill = 0]
                  00002640    00000028     msp432p4xx_driverlib.lib : gpio.o (.text:GPIO_clearInterruptFlag)
                  00002668    00000028                              : gpio.o (.text:GPIO_enableInterrupt)
                  00002690    00000028                              : gpio.o (.text:GPIO_setOutputHighOnPin)
                  000026b8    00000028                              : gpio.o (.text:GPIO_setOutputLowOnPin)
                  000026e0    00000028                              : gpio.o (.text:GPIO_toggleOutputOnPin)
                  00002708    00000028     lab9Test.obj (.text:Motor_SetRightSpeed)
                  00002730    00000028     lab9Test.obj (.text:PORT5_IRQHandler)
                  00002758    00000028     msp432p4xx_driverlib.lib : timer_a.o (.text:Timer_A_setCompareValue)
                  00002780    00000024                              : gpio.o (.text:GPIO_getInterruptStatus)
                  000027a4    00000024                              : wdt_a.o (.text:WDT_A_holdTimer)
                  000027c8    0000001c     rtsv7M4_T_le_v4SPD16_eabi.lib : memccpy.c.obj (.text:memccpy)
                  000027e4    0000001a                                   : s_copysign.c.obj (.text:copysign)
                  000027fe    00000018                                   : sprintf.c.obj (.text:_outs)
                  00002816    00000016                                   : strchr.c.obj (.text:strchr)
                  0000282c    00000014                                   : strlen.c.obj (.text:strlen)
                  00002840    00000012                                   : wcslen.c.obj (.text:wcslen)
                  00002852    00000010     msp432p4xx_driverlib.lib : interrupt.o (.text:Interrupt_enableMaster)
                  00002862    0000000e     rtsv7M4_T_le_v4SPD16_eabi.lib : copy_decompress_none.c.obj (.text:decompress:none:__TI_decompress_none)
                  00002870    0000000c     msp432p4xx_driverlib.lib : cpu.o (.text:CPU_cpsie)
                  0000287c    0000000c     startup_msp432p401r_ccs.obj (.text:Reset_Handler)
                  00002888    0000000a     lab9Test.obj (.text:Motor_Stop)
                  00002892    0000000a     rtsv7M4_T_le_v4SPD16_eabi.lib : sprintf.c.obj (.text:_outc)
                  0000289c    00000008                                   : errno.c.obj (.text:__aeabi_errno_addr)
                  000028a4    00000004                                   : pre_init.c.obj (.text:_system_pre_init)
                  000028a8    00000004                                   : exit.c.obj (.text:abort:abort)

.const     0    000028ac    00000164     
                  000028ac    00000101     rtsv7M4_T_le_v4SPD16_eabi.lib : ctype.c.obj (.const:.string:_ctypes_)
                  000029ad    00000003     --HOLE-- [fill = 0]
                  000029b0    00000030     msp432p4xx_driverlib.lib : gpio.o (.const:GPIO_PORT_TO_BASE)
                  000029e0    00000028     HALUART432.obj (.const:uartConfig)
                  00002a08    00000008     msp432p4xx_driverlib.lib : interrupt.o (.const:g_pulEnRegs)

.cinit     0    00002a10    00000028     
                  00002a10    00000018     (.cinit..data.load) [load image, compression = lzss]
                  00002a28    00000008     (__TI_handler_table)
                  00002a30    00000008     (__TI_cinit_table)

.init_array 
*          0    00000000    00000000     UNINITIALIZED

.binit     0    00000000    00000000     

.data      0    20000000    00000020     UNINITIALIZED
                  20000000    00000018     lab9Test.obj (.data:rightMotorPWMConfig)
                  20000018    00000004     lab9Test.obj (.data)
                  2000001c    00000004     rtsv7M4_T_le_v4SPD16_eabi.lib : errno.c.obj (.data)

.stack     0    2000fe00    00000200     UNINITIALIZED
                  2000fe00    00000004     rtsv7M4_T_le_v4SPD16_eabi.lib : boot_cortex_m.c.obj (.stack)
                  2000fe04    000001fc     --HOLE--

__llvm_prf_cnts 
*          0    20000000    00000000     UNINITIALIZED

MODULE SUMMARY

       Module                        code    ro data   rw data
       ------                        ----    -------   -------
    .\
       lab9Test.obj                  482     0         56     
       HALUART432.obj                172     40        0      
       system_msp432p401r.obj        120     0         0      
    +--+-----------------------------+-------+---------+---------+
       Total:                        774     40        56     
                                                              
    .\ccs\
       startup_msp432p401r_ccs.obj   14      228       0      
    +--+-----------------------------+-------+---------+---------+
       Total:                        14      228       0      
                                                              
    C:/ti/simplelink_msp432p4_sdk_3_40_01_02/source/ti/devices/msp432p4xx/driverlib/ccs/msp432p4xx_driverlib.lib
       gpio.o                        764     48        0      
       timer_a.o                     480     0         0      
       uart.o                        284     0         0      
       interrupt.o                   144     8         0      
       wdt_a.o                       36      0         0      
       cpu.o                         12      0         0      
    +--+-----------------------------+-------+---------+---------+
       Total:                        1720    56        0      
                                                              
    C:\ti\ccs1271\ccs\tools\compiler\ti-cgt-arm_20.2.7.LTS\lib\rtsv7M4_T_le_v4SPD16_eabi.lib
       _printfi.c.obj                4851    0         0      
       fd_add_t2.asm.obj             438     0         0      
       fd_div_t2.asm.obj             310     0         0      
       s_scalbn.c.obj                272     0         0      
       fd_cmp_t2.asm.obj             268     0         0      
       ctype.c.obj                   0       257       0      
       fd_mul_t2.asm.obj             252     0         0      
       memcpy_t2.asm.obj             156     0         0      
       ull_div_t2.asm.obj            150     0         0      
       memset_t2.asm.obj             122     0         0      
       copy_decompress_lzss.c.obj    104     0         0      
       s_frexp.c.obj                 100     0         0      
       sprintf.c.obj                 98      0         0      
       _ltoa.c.obj                   84      0         0      
       atoi.c.obj                    76      0         0      
       fd_toi_t2.asm.obj             72      0         0      
       autoinit.c.obj                68      0         0      
       boot_cortex_m.c.obj           52      0         0      
       i_tofd_t2.asm.obj             46      0         0      
       memccpy.c.obj                 28      0         0      
       s_copysign.c.obj              26      0         0      
       strchr.c.obj                  22      0         0      
       strlen.c.obj                  20      0         0      
       wcslen.c.obj                  18      0         0      
       errno.c.obj                   8       0         8      
       copy_decompress_none.c.obj    14      0         0      
       exit.c.obj                    4       0         0      
       pre_init.c.obj                4       0         0      
       div0.asm.obj                  2       0         0      
    +--+-----------------------------+-------+---------+---------+
       Total:                        7665    257       8      
                                                              
       Stack:                        0       0         1024   
       Linker Generated:             0       40        0      
    +--+-----------------------------+-------+---------+---------+
       Grand Total:                  10173   621       1088   


LINKER GENERATED COPY TABLES

__TI_cinit_table @ 00002a30 records: 1, size/record: 8, table size: 8
	.data: load addr=00002a10, load size=00000018 bytes, run addr=20000000, run size=00000020 bytes, compression=lzss


LINKER GENERATED HANDLER TABLE

__TI_handler_table @ 00002a28 records: 2, size/record: 4, table size: 8
	index: 0, handler: __TI_decompress_lzss
	index: 1, handler: __TI_decompress_none


GLOBAL SYMBOLS: SORTED ALPHABETICALLY BY Name 

address   name                                       
-------   ----                                       
00000b33  ADC14_IRQHandler                           
00000b33  AES256_IRQHandler                          
00000b33  BusFault_Handler                           
000028a9  C$$EXIT                                    
00000b33  COMP_E0_IRQHandler                         
00000b33  COMP_E1_IRQHandler                         
00002871  CPU_cpsie                                  
00000b33  CS_IRQHandler                              
00000b33  DMA_ERR_IRQHandler                         
00000b33  DMA_INT0_IRQHandler                        
00000b33  DMA_INT1_IRQHandler                        
00000b33  DMA_INT2_IRQHandler                        
00000b33  DMA_INT3_IRQHandler                        
00000b33  DebugMon_Handler                           
00000b33  Default_Handler                            
00000b33  EUSCIA0_IRQHandler                         
00000b33  EUSCIA1_IRQHandler                         
00000b33  EUSCIA2_IRQHandler                         
00000b33  EUSCIA3_IRQHandler                         
00000b33  EUSCIB0_IRQHandler                         
00000b33  EUSCIB1_IRQHandler                         
00000b33  EUSCIB2_IRQHandler                         
00000b33  EUSCIB3_IRQHandler                         
00000b33  FLCTL_IRQHandler                           
00000b33  FPU_IRQHandler                             
00002641  GPIO_clearInterruptFlag                    
00002669  GPIO_enableInterrupt                       
00001ded  GPIO_getEnabledInterruptStatus             
000025b1  GPIO_getInputPinValue                      
00002781  GPIO_getInterruptStatus                    
00002541  GPIO_interruptEdgeSelect                   
00002211  GPIO_setAsInputPinWithPullUpResistor       
00002481  GPIO_setAsOutputPin                        
00001c59  GPIO_setAsPeripheralModuleFunctionOutputPin
00002691  GPIO_setOutputHighOnPin                    
000026b9  GPIO_setOutputLowOnPin                     
000026e1  GPIO_toggleOutputOnPin                     
00000b33  HardFault_Handler                          
00001e71  Interrupt_enableInterrupt                  
00002853  Interrupt_enableMaster                     
00000b33  MemManage_Handler                          
000023f9  Motor_Init                                 
00002709  Motor_SetRightSpeed                        
00002889  Motor_Stop                                 
00000b33  NMI_Handler                                
00000b33  PCM_IRQHandler                             
00000b33  PORT1_IRQHandler                           
00000b33  PORT2_IRQHandler                           
00000b33  PORT3_IRQHandler                           
00000b33  PORT4_IRQHandler                           
00002731  PORT5_IRQHandler                           
00002731  PORT5_IRQHandler                           
00000b33  PORT6_IRQHandler                           
00000b33  PSS_IRQHandler                             
00000b33  PendSV_Handler                             
00000b33  RTC_C_IRQHandler                           
0000287d  Reset_Handler                              
00000b33  SVC_Handler                                
00000b33  SysTick_Handler                            
00001fe9  SystemInit                                 
00000b33  T32_INT1_IRQHandler                        
00000b33  T32_INT2_IRQHandler                        
00000b33  T32_INTC_IRQHandler                        
00000b33  TA0_0_IRQHandler                           
00000b33  TA0_N_IRQHandler                           
00000b33  TA1_0_IRQHandler                           
00000b33  TA1_N_IRQHandler                           
00000b33  TA2_0_IRQHandler                           
00000b33  TA2_N_IRQHandler                           
00000b33  TA3_0_IRQHandler                           
00000b33  TA3_N_IRQHandler                           
00002061  Timer_A_generatePWM                        
00002759  Timer_A_setCompareValue                    
00001ef1  UART_init                                  
0000174d  UART_initModule                            
000025e1  UART_transmitString                        
00000b33  UsageFault_Handler                         
4000480c  WDTCTL_SYM                                 
00000b33  WDT_A_IRQHandler                           
000027a5  WDT_A_holdTimer                            
20010000  __STACK_END                                
00000200  __STACK_SIZE                               
00002a30  __TI_CINIT_Base                            
00002a38  __TI_CINIT_Limit                           
00002a28  __TI_Handler_Table_Base                    
00002a30  __TI_Handler_Table_Limit                   
0000243d  __TI_auto_init_nobinit_nopinit             
00002143  __TI_decompress_lzss                       
00002863  __TI_decompress_none                       
000022bf  __TI_ltoa                                  
ffffffff  __TI_pprof_out_hndl                        
000000e5  __TI_printfi                               
ffffffff  __TI_prof_data_size                        
ffffffff  __TI_prof_data_start                       
00000000  __TI_static_base__                         
00001ce1  __aeabi_cdcmpeq                            
00001ce1  __aeabi_cdcmple                            
00001d67  __aeabi_cdrcmple                           
000023b1  __aeabi_d2iz                               
00000f7f  __aeabi_dadd                               
000014f1  __aeabi_ddiv                               
00001979  __aeabi_dmul                               
00000f75  __aeabi_dsub                               
0000289d  __aeabi_errno_addr                         
00002611  __aeabi_i2d                                
0000112b  __aeabi_idiv0                              
0000112b  __aeabi_ldiv0                              
00001f6d  __aeabi_memclr                             
00001f6d  __aeabi_memclr4                            
00001f6d  __aeabi_memclr8                            
00001b27  __aeabi_memcpy                             
00001b27  __aeabi_memcpy4                            
00001b27  __aeabi_memcpy8                            
00001f6f  __aeabi_memset                             
00001f6f  __aeabi_memset4                            
00001f6f  __aeabi_memset8                            
00001bc3  __aeabi_uldivmod                           
ffffffff  __binit__                                  
ffffffff  __c_args__                                 
UNDEFED   __mpu_init                                 
2000fe00  __stack                                    
20000000  __start___llvm_prf_cnts                    
20000000  __stop___llvm_prf_cnts                     
0000257d  _c_int00_noargs                            
000028ac  _ctypes_                                   
UNDEFED   _system_post_cinit                         
000028a5  _system_pre_init                           
000028a9  abort                                      
00002365  atoi                                       
ffffffff  binit                                      
000027e5  copysign                                   
000027e5  copysignl                                  
2000001c  errno                                      
000021ad  frexp                                      
000021ad  frexpl                                     
00000000  interruptVectors                           
00001869  ldexp                                      
00001869  ldexpl                                     
0000112d  main                                       
000027c9  memccpy                                    
00001b27  memcpy                                     
00001f75  memset                                     
20000018  pulseCount                                 
20000000  rightMotorPWMConfig                        
00001869  scalbn                                     
00001869  scalbnl                                    
000024c1  sprintf                                    
00002817  strchr                                     
0000282d  strlen                                     
000029e0  uartConfig                                 
00002841  wcslen                                     


GLOBAL SYMBOLS: SORTED BY Symbol Address 

address   name                                       
-------   ----                                       
00000000  __TI_static_base__                         
00000000  interruptVectors                           
000000e5  __TI_printfi                               
00000200  __STACK_SIZE                               
00000b33  ADC14_IRQHandler                           
00000b33  AES256_IRQHandler                          
00000b33  BusFault_Handler                           
00000b33  COMP_E0_IRQHandler                         
00000b33  COMP_E1_IRQHandler                         
00000b33  CS_IRQHandler                              
00000b33  DMA_ERR_IRQHandler                         
00000b33  DMA_INT0_IRQHandler                        
00000b33  DMA_INT1_IRQHandler                        
00000b33  DMA_INT2_IRQHandler                        
00000b33  DMA_INT3_IRQHandler                        
00000b33  DebugMon_Handler                           
00000b33  Default_Handler                            
00000b33  EUSCIA0_IRQHandler                         
00000b33  EUSCIA1_IRQHandler                         
00000b33  EUSCIA2_IRQHandler                         
00000b33  EUSCIA3_IRQHandler                         
00000b33  EUSCIB0_IRQHandler                         
00000b33  EUSCIB1_IRQHandler                         
00000b33  EUSCIB2_IRQHandler                         
00000b33  EUSCIB3_IRQHandler                         
00000b33  FLCTL_IRQHandler                           
00000b33  FPU_IRQHandler                             
00000b33  HardFault_Handler                          
00000b33  MemManage_Handler                          
00000b33  NMI_Handler                                
00000b33  PCM_IRQHandler                             
00000b33  PORT1_IRQHandler                           
00000b33  PORT2_IRQHandler                           
00000b33  PORT3_IRQHandler                           
00000b33  PORT4_IRQHandler                           
00000b33  PORT6_IRQHandler                           
00000b33  PSS_IRQHandler                             
00000b33  PendSV_Handler                             
00000b33  RTC_C_IRQHandler                           
00000b33  SVC_Handler                                
00000b33  SysTick_Handler                            
00000b33  T32_INT1_IRQHandler                        
00000b33  T32_INT2_IRQHandler                        
00000b33  T32_INTC_IRQHandler                        
00000b33  TA0_0_IRQHandler                           
00000b33  TA0_N_IRQHandler                           
00000b33  TA1_0_IRQHandler                           
00000b33  TA1_N_IRQHandler                           
00000b33  TA2_0_IRQHandler                           
00000b33  TA2_N_IRQHandler                           
00000b33  TA3_0_IRQHandler                           
00000b33  TA3_N_IRQHandler                           
00000b33  UsageFault_Handler                         
00000b33  WDT_A_IRQHandler                           
00000f75  __aeabi_dsub                               
00000f7f  __aeabi_dadd                               
0000112b  __aeabi_idiv0                              
0000112b  __aeabi_ldiv0                              
0000112d  main                                       
000014f1  __aeabi_ddiv                               
0000174d  UART_initModule                            
00001869  ldexp                                      
00001869  ldexpl                                     
00001869  scalbn                                     
00001869  scalbnl                                    
00001979  __aeabi_dmul                               
00001b27  __aeabi_memcpy                             
00001b27  __aeabi_memcpy4                            
00001b27  __aeabi_memcpy8                            
00001b27  memcpy                                     
00001bc3  __aeabi_uldivmod                           
00001c59  GPIO_setAsPeripheralModuleFunctionOutputPin
00001ce1  __aeabi_cdcmpeq                            
00001ce1  __aeabi_cdcmple                            
00001d67  __aeabi_cdrcmple                           
00001ded  GPIO_getEnabledInterruptStatus             
00001e71  Interrupt_enableInterrupt                  
00001ef1  UART_init                                  
00001f6d  __aeabi_memclr                             
00001f6d  __aeabi_memclr4                            
00001f6d  __aeabi_memclr8                            
00001f6f  __aeabi_memset                             
00001f6f  __aeabi_memset4                            
00001f6f  __aeabi_memset8                            
00001f75  memset                                     
00001fe9  SystemInit                                 
00002061  Timer_A_generatePWM                        
00002143  __TI_decompress_lzss                       
000021ad  frexp                                      
000021ad  frexpl                                     
00002211  GPIO_setAsInputPinWithPullUpResistor       
000022bf  __TI_ltoa                                  
00002365  atoi                                       
000023b1  __aeabi_d2iz                               
000023f9  Motor_Init                                 
0000243d  __TI_auto_init_nobinit_nopinit             
00002481  GPIO_setAsOutputPin                        
000024c1  sprintf                                    
00002541  GPIO_interruptEdgeSelect                   
0000257d  _c_int00_noargs                            
000025b1  GPIO_getInputPinValue                      
000025e1  UART_transmitString                        
00002611  __aeabi_i2d                                
00002641  GPIO_clearInterruptFlag                    
00002669  GPIO_enableInterrupt                       
00002691  GPIO_setOutputHighOnPin                    
000026b9  GPIO_setOutputLowOnPin                     
000026e1  GPIO_toggleOutputOnPin                     
00002709  Motor_SetRightSpeed                        
00002731  PORT5_IRQHandler                           
00002731  PORT5_IRQHandler                           
00002759  Timer_A_setCompareValue                    
00002781  GPIO_getInterruptStatus                    
000027a5  WDT_A_holdTimer                            
000027c9  memccpy                                    
000027e5  copysign                                   
000027e5  copysignl                                  
00002817  strchr                                     
0000282d  strlen                                     
00002841  wcslen                                     
00002853  Interrupt_enableMaster                     
00002863  __TI_decompress_none                       
00002871  CPU_cpsie                                  
0000287d  Reset_Handler                              
00002889  Motor_Stop                                 
0000289d  __aeabi_errno_addr                         
000028a5  _system_pre_init                           
000028a9  C$$EXIT                                    
000028a9  abort                                      
000028ac  _ctypes_                                   
000029e0  uartConfig                                 
00002a28  __TI_Handler_Table_Base                    
00002a30  __TI_CINIT_Base                            
00002a30  __TI_Handler_Table_Limit                   
00002a38  __TI_CINIT_Limit                           
20000000  __start___llvm_prf_cnts                    
20000000  __stop___llvm_prf_cnts                     
20000000  rightMotorPWMConfig                        
20000018  pulseCount                                 
2000001c  errno                                      
2000fe00  __stack                                    
20010000  __STACK_END                                
4000480c  WDTCTL_SYM                                 
ffffffff  __TI_pprof_out_hndl                        
ffffffff  __TI_prof_data_size                        
ffffffff  __TI_prof_data_start                       
ffffffff  __binit__                                  
ffffffff  __c_args__                                 
ffffffff  binit                                      
UNDEFED   __mpu_init                                 
UNDEFED   _system_post_cinit                         

[151 symbols]
