******************************************************************************
                  TI ARM Linker PC v20.2.7                     
******************************************************************************
>> Linked Tue Jan 20 19:54:04 2026

OUTPUT FILE NAME:   <lab1_template_eel4742.out>
ENTRY POINT SYMBOL: "_c_int00_noinit_noargs"  address: 00000379


MEMORY CONFIGURATION

         name            origin    length      used     unused   attr    fill
----------------------  --------  ---------  --------  --------  ----  --------
  MAIN                  00000000   00040000  000003ba  0003fc46  R  X
  INFO                  00200000   00004000  00000000  00004000  R  X
  SRAM_CODE             01000000   00010000  00000200  0000fe00  RW X
  SRAM_DATA             20000000   00010000  00000200  0000fe00  RW  


SEGMENT ALLOCATION MAP

run origin  load origin   length   init length attrs members
----------  ----------- ---------- ----------- ----- -------
00000000    00000000    000003ba   000003ba    r-x
  00000000    00000000    000000e4   000000e4    r-- .intvecs
  000000e4    000000e4    000002d6   000002d6    r-x .text
2000fe00    2000fe00    00000200   00000000    rw-
  2000fe00    2000fe00    00000200   00000000    rw- .stack


SECTION ALLOCATION MAP

 output                                  attributes/
section   page    origin      length       input sections
--------  ----  ----------  ----------   ----------------
.intvecs   0    00000000    000000e4     
                  00000000    000000e4     startup_msp432p401r_ccs.obj (.intvecs:retain)

.text      0    000000e4    000002d6     
                  000000e4    0000021c     lab1d.obj (.text:main)
                  00000300    00000078     system_msp432p401r.obj (.text:SystemInit)
                  00000378    0000002c     rtsv7M4_T_le_v4SPD16_eabi.lib : boot_cortex_m.c.obj (.text:_c_int00_noinit_noargs:_c_int00_noinit_noargs)
                  000003a4    0000000c     startup_msp432p401r_ccs.obj (.text:Reset_Handler)
                  000003b0    00000004     rtsv7M4_T_le_v4SPD16_eabi.lib : pre_init.c.obj (.text:_system_pre_init)
                  000003b4    00000004                                   : exit.c.obj (.text:abort:abort)
                  000003b8    00000002     startup_msp432p401r_ccs.obj (.text:Default_Handler)

.cinit     0    00000000    00000000     UNINITIALIZED

.init_array 
*          0    00000000    00000000     UNINITIALIZED

.binit     0    00000000    00000000     

.stack     0    2000fe00    00000200     UNINITIALIZED
                  2000fe00    00000004     rtsv7M4_T_le_v4SPD16_eabi.lib : boot_cortex_m.c.obj (.stack)
                  2000fe04    000001fc     --HOLE--

__llvm_prf_cnts 
*          0    20000000    00000000     UNINITIALIZED

MODULE SUMMARY

       Module                        code   ro data   rw data
       ------                        ----   -------   -------
    .\
       lab1d.obj                     540    0         0      
       system_msp432p401r.obj        120    0         0      
    +--+-----------------------------+------+---------+---------+
       Total:                        660    0         0      
                                                             
    .\ccs\
       startup_msp432p401r_ccs.obj   14     228       0      
    +--+-----------------------------+------+---------+---------+
       Total:                        14     228       0      
                                                             
    C:\ti\ccs1271\ccs\tools\compiler\ti-cgt-arm_20.2.7.LTS\lib\rtsv7M4_T_le_v4SPD16_eabi.lib
       boot_cortex_m.c.obj           44     0         0      
       exit.c.obj                    4      0         0      
       pre_init.c.obj                4      0         0      
    +--+-----------------------------+------+---------+---------+
       Total:                        52     0         0      
                                                             
       Stack:                        0      0         1024   
    +--+-----------------------------+------+---------+---------+
       Grand Total:                  726    228       1024   


GLOBAL SYMBOLS: SORTED ALPHABETICALLY BY Name 

address   name                   
-------   ----                   
000003b9  ADC14_IRQHandler       
000003b9  AES256_IRQHandler      
000003b9  BusFault_Handler       
000003b5  C$$EXIT                
000003b9  COMP_E0_IRQHandler     
000003b9  COMP_E1_IRQHandler     
000003b9  CS_IRQHandler          
000003b9  DMA_ERR_IRQHandler     
000003b9  DMA_INT0_IRQHandler    
000003b9  DMA_INT1_IRQHandler    
000003b9  DMA_INT2_IRQHandler    
000003b9  DMA_INT3_IRQHandler    
000003b9  DebugMon_Handler       
000003b9  Default_Handler        
000003b9  EUSCIA0_IRQHandler     
000003b9  EUSCIA1_IRQHandler     
000003b9  EUSCIA2_IRQHandler     
000003b9  EUSCIA3_IRQHandler     
000003b9  EUSCIB0_IRQHandler     
000003b9  EUSCIB1_IRQHandler     
000003b9  EUSCIB2_IRQHandler     
000003b9  EUSCIB3_IRQHandler     
000003b9  FLCTL_IRQHandler       
000003b9  FPU_IRQHandler         
000003b9  HardFault_Handler      
000003b9  MemManage_Handler      
000003b9  NMI_Handler            
000003b9  PCM_IRQHandler         
000003b9  PORT1_IRQHandler       
000003b9  PORT2_IRQHandler       
000003b9  PORT3_IRQHandler       
000003b9  PORT4_IRQHandler       
000003b9  PORT5_IRQHandler       
000003b9  PORT6_IRQHandler       
000003b9  PSS_IRQHandler         
000003b9  PendSV_Handler         
000003b9  RTC_C_IRQHandler       
000003a5  Reset_Handler          
000003b9  SVC_Handler            
000003b9  SysTick_Handler        
00000301  SystemInit             
000003b9  T32_INT1_IRQHandler    
000003b9  T32_INT2_IRQHandler    
000003b9  T32_INTC_IRQHandler    
000003b9  TA0_0_IRQHandler       
000003b9  TA0_N_IRQHandler       
000003b9  TA1_0_IRQHandler       
000003b9  TA1_N_IRQHandler       
000003b9  TA2_0_IRQHandler       
000003b9  TA2_N_IRQHandler       
000003b9  TA3_0_IRQHandler       
000003b9  TA3_N_IRQHandler       
000003b9  UsageFault_Handler     
4000480c  WDTCTL_SYM             
000003b9  WDT_A_IRQHandler       
20010000  __STACK_END            
00000200  __STACK_SIZE           
ffffffff  __TI_pprof_out_hndl    
ffffffff  __TI_prof_data_size    
ffffffff  __TI_prof_data_start   
00000000  __TI_static_base__     
ffffffff  __binit__              
ffffffff  __c_args__             
UNDEFED   __mpu_init             
2000fe00  __stack                
20000000  __start___llvm_prf_cnts
20000000  __stop___llvm_prf_cnts 
00000379  _c_int00_noinit_noargs 
000003b1  _system_pre_init       
000003b5  abort                  
ffffffff  binit                  
00000000  interruptVectors       
000000e5  main                   


GLOBAL SYMBOLS: SORTED BY Symbol Address 

address   name                   
-------   ----                   
00000000  __TI_static_base__     
00000000  interruptVectors       
000000e5  main                   
00000200  __STACK_SIZE           
00000301  SystemInit             
00000379  _c_int00_noinit_noargs 
000003a5  Reset_Handler          
000003b1  _system_pre_init       
000003b5  C$$EXIT                
000003b5  abort                  
000003b9  ADC14_IRQHandler       
000003b9  AES256_IRQHandler      
000003b9  BusFault_Handler       
000003b9  COMP_E0_IRQHandler     
000003b9  COMP_E1_IRQHandler     
000003b9  CS_IRQHandler          
000003b9  DMA_ERR_IRQHandler     
000003b9  DMA_INT0_IRQHandler    
000003b9  DMA_INT1_IRQHandler    
000003b9  DMA_INT2_IRQHandler    
000003b9  DMA_INT3_IRQHandler    
000003b9  DebugMon_Handler       
000003b9  Default_Handler        
000003b9  EUSCIA0_IRQHandler     
000003b9  EUSCIA1_IRQHandler     
000003b9  EUSCIA2_IRQHandler     
000003b9  EUSCIA3_IRQHandler     
000003b9  EUSCIB0_IRQHandler     
000003b9  EUSCIB1_IRQHandler     
000003b9  EUSCIB2_IRQHandler     
000003b9  EUSCIB3_IRQHandler     
000003b9  FLCTL_IRQHandler       
000003b9  FPU_IRQHandler         
000003b9  HardFault_Handler      
000003b9  MemManage_Handler      
000003b9  NMI_Handler            
000003b9  PCM_IRQHandler         
000003b9  PORT1_IRQHandler       
000003b9  PORT2_IRQHandler       
000003b9  PORT3_IRQHandler       
000003b9  PORT4_IRQHandler       
000003b9  PORT5_IRQHandler       
000003b9  PORT6_IRQHandler       
000003b9  PSS_IRQHandler         
000003b9  PendSV_Handler         
000003b9  RTC_C_IRQHandler       
000003b9  SVC_Handler            
000003b9  SysTick_Handler        
000003b9  T32_INT1_IRQHandler    
000003b9  T32_INT2_IRQHandler    
000003b9  T32_INTC_IRQHandler    
000003b9  TA0_0_IRQHandler       
000003b9  TA0_N_IRQHandler       
000003b9  TA1_0_IRQHandler       
000003b9  TA1_N_IRQHandler       
000003b9  TA2_0_IRQHandler       
000003b9  TA2_N_IRQHandler       
000003b9  TA3_0_IRQHandler       
000003b9  TA3_N_IRQHandler       
000003b9  UsageFault_Handler     
000003b9  WDT_A_IRQHandler       
20000000  __start___llvm_prf_cnts
20000000  __stop___llvm_prf_cnts 
2000fe00  __stack                
20010000  __STACK_END            
4000480c  WDTCTL_SYM             
ffffffff  __TI_pprof_out_hndl    
ffffffff  __TI_prof_data_size    
ffffffff  __TI_prof_data_start   
ffffffff  __binit__              
ffffffff  __c_args__             
ffffffff  binit                  
UNDEFED   __mpu_init             

[73 symbols]
