******************************************************************************
                  TI ARM Linker PC v20.2.7                     
******************************************************************************
>> Linked Tue Feb 17 18:30:29 2026

OUTPUT FILE NAME:   <lab5.out>
ENTRY POINT SYMBOL: "_c_int00_noargs"  address: 000006bd


MEMORY CONFIGURATION

         name            origin    length      used     unused   attr    fill
----------------------  --------  ---------  --------  --------  ----  --------
  MAIN                  00000000   00040000  0000074c  0003f8b4  R  X
  INFO                  00200000   00004000  00000000  00004000  R  X
  SRAM_CODE             01000000   00010000  0000021a  0000fde6  RW X
  SRAM_DATA             20000000   00010000  0000021a  0000fde6  RW  


SEGMENT ALLOCATION MAP

run origin  load origin   length   init length attrs members
----------  ----------- ---------- ----------- ----- -------
00000000    00000000    0000074c   0000074c    r-x
  00000000    00000000    000000e4   000000e4    r-- .intvecs
  000000e4    000000e4    00000654   00000654    r-x .text
  00000738    00000738    00000014   00000014    r-- .cinit
20000000    20000000    0000001a   00000000    rw-
  20000000    20000000    0000001a   00000000    rw- .bss
2000fe00    2000fe00    00000200   00000000    rw-
  2000fe00    2000fe00    00000200   00000000    rw- .stack


SECTION ALLOCATION MAP

 output                                  attributes/
section   page    origin      length       input sections
--------  ----  ----------  ----------   ----------------
.intvecs   0    00000000    000000e4     
                  00000000    000000e4     startup_msp432p401r_ccs.obj (.intvecs:retain)

.text      0    000000e4    00000654     
                  000000e4    000000c8     lab5.obj (.text:readBumperSwitches)
                  000001ac    000000b8     lab5.obj (.text:updateLeftMotor)
                  00000264    000000b8     lab5.obj (.text:updateRightMotor)
                  0000031c    0000009c     lab5.obj (.text:updateLeftMotorLED)
                  000003b8    0000009c     lab5.obj (.text:updateRightMotorLED)
                  00000454    00000090     lab5.obj (.text:configPWMTimer)
                  000004e4    0000008c     lab5.obj (.text:configureRobotIO)
                  00000570    00000078     system_msp432p401r.obj (.text:SystemInit)
                  000005e8    00000050     lab5.obj (.text:main)
                  00000638    00000044     rtsv7M4_T_le_v4SPD16_eabi.lib : autoinit.c.obj (.text:__TI_auto_init_nobinit_nopinit:__TI_auto_init_nobinit_nopinit)
                  0000067c    00000040     lab5.obj (.text:configure432IO)
                  000006bc    00000034     rtsv7M4_T_le_v4SPD16_eabi.lib : boot_cortex_m.c.obj (.text:_c_int00_noargs:_c_int00_noargs)
                  000006f0    0000001c                                   : copy_zero_init.c.obj (.text:decompress:ZI:__TI_zero_init_nomemset:__TI_zero_init_nomemset)
                  0000070c    00000016     msp432p4xx_driverlib.lib : timer_a.o (.text:Timer_A_startCounter)
                  00000722    0000000c     startup_msp432p401r_ccs.obj (.text:Reset_Handler)
                  0000072e    00000004     rtsv7M4_T_le_v4SPD16_eabi.lib : pre_init.c.obj (.text:_system_pre_init)
                  00000732    00000004                                   : exit.c.obj (.text:abort:abort)
                  00000736    00000002     startup_msp432p401r_ccs.obj (.text:Default_Handler)

.cinit     0    00000738    00000014     
                  00000738    00000008     (.cinit..bss.load) [load image, compression = zero_init]
                  00000740    00000004     (__TI_handler_table)
                  00000744    00000008     (__TI_cinit_table)

.init_array 
*          0    00000000    00000000     UNINITIALIZED

.binit     0    00000000    00000000     

.bss       0    20000000    0000001a     UNINITIALIZED
                  20000000    00000018     (.common:timerPWMConfig)
                  20000018    00000001     (.common:leftMotorState)
                  20000019    00000001     (.common:rightMotorState)

.stack     0    2000fe00    00000200     UNINITIALIZED
                  2000fe00    00000004     rtsv7M4_T_le_v4SPD16_eabi.lib : boot_cortex_m.c.obj (.stack)
                  2000fe04    000001fc     --HOLE--

__llvm_prf_cnts 
*          0    20000000    00000000     UNINITIALIZED

MODULE SUMMARY

       Module                        code   ro data   rw data
       ------                        ----   -------   -------
    .\
       lab5.obj                      1308   0         52     
       system_msp432p401r.obj        120    0         0      
    +--+-----------------------------+------+---------+---------+
       Total:                        1428   0         52     
                                                             
    .\ccs\
       startup_msp432p401r_ccs.obj   14     228       0      
    +--+-----------------------------+------+---------+---------+
       Total:                        14     228       0      
                                                             
    C:/ti/simplelink_msp432p4_sdk_3_40_01_02/source/ti/devices/msp432p4xx/driverlib/ccs/msp432p4xx_driverlib.lib
       timer_a.o                     22     0         0      
    +--+-----------------------------+------+---------+---------+
       Total:                        22     0         0      
                                                             
    C:\ti\ccs1271\ccs\tools\compiler\ti-cgt-arm_20.2.7.LTS\lib\rtsv7M4_T_le_v4SPD16_eabi.lib
       autoinit.c.obj                68     0         0      
       boot_cortex_m.c.obj           52     0         0      
       copy_zero_init.c.obj          28     0         0      
       exit.c.obj                    4      0         0      
       pre_init.c.obj                4      0         0      
    +--+-----------------------------+------+---------+---------+
       Total:                        156    0         0      
                                                             
       Stack:                        0      0         1024   
       Linker Generated:             0      20        0      
    +--+-----------------------------+------+---------+---------+
       Grand Total:                  1620   248       1076   


LINKER GENERATED COPY TABLES

__TI_cinit_table @ 00000744 records: 1, size/record: 8, table size: 8
	.bss: load addr=00000738, load size=00000008 bytes, run addr=20000000, run size=0000001a bytes, compression=zero_init


LINKER GENERATED HANDLER TABLE

__TI_handler_table @ 00000740 records: 1, size/record: 4, table size: 4
	index: 0, handler: __TI_zero_init


GLOBAL SYMBOLS: SORTED ALPHABETICALLY BY Name 

address   name                          
-------   ----                          
00000737  ADC14_IRQHandler              
00000737  AES256_IRQHandler             
00000737  BusFault_Handler              
00000733  C$$EXIT                       
00000737  COMP_E0_IRQHandler            
00000737  COMP_E1_IRQHandler            
00000737  CS_IRQHandler                 
00000737  DMA_ERR_IRQHandler            
00000737  DMA_INT0_IRQHandler           
00000737  DMA_INT1_IRQHandler           
00000737  DMA_INT2_IRQHandler           
00000737  DMA_INT3_IRQHandler           
00000737  DebugMon_Handler              
00000737  Default_Handler               
00000737  EUSCIA0_IRQHandler            
00000737  EUSCIA1_IRQHandler            
00000737  EUSCIA2_IRQHandler            
00000737  EUSCIA3_IRQHandler            
00000737  EUSCIB0_IRQHandler            
00000737  EUSCIB1_IRQHandler            
00000737  EUSCIB2_IRQHandler            
00000737  EUSCIB3_IRQHandler            
00000737  FLCTL_IRQHandler              
00000737  FPU_IRQHandler                
00000737  HardFault_Handler             
00000737  MemManage_Handler             
00000737  NMI_Handler                   
00000737  PCM_IRQHandler                
00000737  PORT1_IRQHandler              
00000737  PORT2_IRQHandler              
00000737  PORT3_IRQHandler              
00000737  PORT4_IRQHandler              
00000737  PORT5_IRQHandler              
00000737  PORT6_IRQHandler              
00000737  PSS_IRQHandler                
00000737  PendSV_Handler                
00000737  RTC_C_IRQHandler              
00000723  Reset_Handler                 
00000737  SVC_Handler                   
00000737  SysTick_Handler               
00000571  SystemInit                    
00000737  T32_INT1_IRQHandler           
00000737  T32_INT2_IRQHandler           
00000737  T32_INTC_IRQHandler           
00000737  TA0_0_IRQHandler              
00000737  TA0_N_IRQHandler              
00000737  TA1_0_IRQHandler              
00000737  TA1_N_IRQHandler              
00000737  TA2_0_IRQHandler              
00000737  TA2_N_IRQHandler              
00000737  TA3_0_IRQHandler              
00000737  TA3_N_IRQHandler              
0000070d  Timer_A_startCounter          
00000737  UsageFault_Handler            
4000480c  WDTCTL_SYM                    
00000737  WDT_A_IRQHandler              
20010000  __STACK_END                   
00000200  __STACK_SIZE                  
00000744  __TI_CINIT_Base               
0000074c  __TI_CINIT_Limit              
00000740  __TI_Handler_Table_Base       
00000744  __TI_Handler_Table_Limit      
00000639  __TI_auto_init_nobinit_nopinit
ffffffff  __TI_pprof_out_hndl           
ffffffff  __TI_prof_data_size           
ffffffff  __TI_prof_data_start          
00000000  __TI_static_base__            
000006f1  __TI_zero_init_nomemset       
ffffffff  __binit__                     
ffffffff  __c_args__                    
UNDEFED   __mpu_init                    
2000fe00  __stack                       
20000000  __start___llvm_prf_cnts       
20000000  __stop___llvm_prf_cnts        
000006bd  _c_int00_noargs               
UNDEFED   _system_post_cinit            
0000072f  _system_pre_init              
00000733  abort                         
ffffffff  binit                         
00000455  configPWMTimer                
0000067d  configure432IO                
000004e5  configureRobotIO              
00000000  interruptVectors              
20000018  leftMotorState                
000005e9  main                          
000000e5  readBumperSwitches            
20000019  rightMotorState               
20000000  timerPWMConfig                
000001ad  updateLeftMotor               
0000031d  updateLeftMotorLED            
00000265  updateRightMotor              
000003b9  updateRightMotorLED           


GLOBAL SYMBOLS: SORTED BY Symbol Address 

address   name                          
-------   ----                          
00000000  __TI_static_base__            
00000000  interruptVectors              
000000e5  readBumperSwitches            
000001ad  updateLeftMotor               
00000200  __STACK_SIZE                  
00000265  updateRightMotor              
0000031d  updateLeftMotorLED            
000003b9  updateRightMotorLED           
00000455  configPWMTimer                
000004e5  configureRobotIO              
00000571  SystemInit                    
000005e9  main                          
00000639  __TI_auto_init_nobinit_nopinit
0000067d  configure432IO                
000006bd  _c_int00_noargs               
000006f1  __TI_zero_init_nomemset       
0000070d  Timer_A_startCounter          
00000723  Reset_Handler                 
0000072f  _system_pre_init              
00000733  C$$EXIT                       
00000733  abort                         
00000737  ADC14_IRQHandler              
00000737  AES256_IRQHandler             
00000737  BusFault_Handler              
00000737  COMP_E0_IRQHandler            
00000737  COMP_E1_IRQHandler            
00000737  CS_IRQHandler                 
00000737  DMA_ERR_IRQHandler            
00000737  DMA_INT0_IRQHandler           
00000737  DMA_INT1_IRQHandler           
00000737  DMA_INT2_IRQHandler           
00000737  DMA_INT3_IRQHandler           
00000737  DebugMon_Handler              
00000737  Default_Handler               
00000737  EUSCIA0_IRQHandler            
00000737  EUSCIA1_IRQHandler            
00000737  EUSCIA2_IRQHandler            
00000737  EUSCIA3_IRQHandler            
00000737  EUSCIB0_IRQHandler            
00000737  EUSCIB1_IRQHandler            
00000737  EUSCIB2_IRQHandler            
00000737  EUSCIB3_IRQHandler            
00000737  FLCTL_IRQHandler              
00000737  FPU_IRQHandler                
00000737  HardFault_Handler             
00000737  MemManage_Handler             
00000737  NMI_Handler                   
00000737  PCM_IRQHandler                
00000737  PORT1_IRQHandler              
00000737  PORT2_IRQHandler              
00000737  PORT3_IRQHandler              
00000737  PORT4_IRQHandler              
00000737  PORT5_IRQHandler              
00000737  PORT6_IRQHandler              
00000737  PSS_IRQHandler                
00000737  PendSV_Handler                
00000737  RTC_C_IRQHandler              
00000737  SVC_Handler                   
00000737  SysTick_Handler               
00000737  T32_INT1_IRQHandler           
00000737  T32_INT2_IRQHandler           
00000737  T32_INTC_IRQHandler           
00000737  TA0_0_IRQHandler              
00000737  TA0_N_IRQHandler              
00000737  TA1_0_IRQHandler              
00000737  TA1_N_IRQHandler              
00000737  TA2_0_IRQHandler              
00000737  TA2_N_IRQHandler              
00000737  TA3_0_IRQHandler              
00000737  TA3_N_IRQHandler              
00000737  UsageFault_Handler            
00000737  WDT_A_IRQHandler              
00000740  __TI_Handler_Table_Base       
00000744  __TI_CINIT_Base               
00000744  __TI_Handler_Table_Limit      
0000074c  __TI_CINIT_Limit              
20000000  __start___llvm_prf_cnts       
20000000  __stop___llvm_prf_cnts        
20000000  timerPWMConfig                
20000018  leftMotorState                
20000019  rightMotorState               
2000fe00  __stack                       
20010000  __STACK_END                   
4000480c  WDTCTL_SYM                    
ffffffff  __TI_pprof_out_hndl           
ffffffff  __TI_prof_data_size           
ffffffff  __TI_prof_data_start          
ffffffff  __binit__                     
ffffffff  __c_args__                    
ffffffff  binit                         
UNDEFED   __mpu_init                    
UNDEFED   _system_post_cinit            

[92 symbols]
