******************************************************************************
                  TI ARM Linker PC v20.2.7                     
******************************************************************************
>> Linked Tue Feb  3 21:10:51 2026

OUTPUT FILE NAME:   <lab3.out>
ENTRY POINT SYMBOL: "_c_int00_noargs"  address: 00000a1d


MEMORY CONFIGURATION

         name            origin    length      used     unused   attr    fill
----------------------  --------  ---------  --------  --------  ----  --------
  MAIN                  00000000   00040000  00000cca  0003f336  R  X
  INFO                  00200000   00004000  00000000  00004000  R  X
  SRAM_CODE             01000000   00010000  00000313  0000fced  RW X
  SRAM_DATA             20000000   00010000  00000313  0000fced  RW  


SEGMENT ALLOCATION MAP

run origin  load origin   length   init length attrs members
----------  ----------- ---------- ----------- ----- -------
00000000    00000000    00000cd0   00000cd0    r-x
  00000000    00000000    000000e4   000000e4    r-- .intvecs
  000000e4    000000e4    00000b4a   00000b4a    r-x .text
  00000c30    00000c30    00000054   00000054    r-- .const
  00000c88    00000c88    00000048   00000048    r-- .cinit
20000000    20000000    00000113   00000000    rw-
  20000000    20000000    000000e8   00000000    rw- .vtable
  200000e8    200000e8    00000018   00000000    rw- .bss
  20000100    20000100    00000013   00000000    rw- .data
2000fe00    2000fe00    00000200   00000000    rw-
  2000fe00    2000fe00    00000200   00000000    rw- .stack


SECTION ALLOCATION MAP

 output                                  attributes/
section   page    origin      length       input sections
--------  ----  ----------  ----------   ----------------
.intvecs   0    00000000    000000e4     
                  00000000    000000e4     startup_msp432p401r_ccs.obj (.intvecs:retain)

.text      0    000000e4    00000b4a     
                  000000e4    00000144     msp432p4xx_driverlib.lib : timer_a.o (.text:privateTimer_AProcessClockSourceDivider)
                  00000228    000000d2                              : timer_a.o (.text:Timer_A_registerInterrupt)
                  000002fa    0000009c     rtsv7M4_T_le_v4SPD16_eabi.lib : memcpy_t2.asm.obj (.text)
                  00000396    00000002     startup_msp432p401r_ccs.obj (.text:Default_Handler)
                  00000398    00000088     lab3.obj (.text:toggleLEDs)
                  00000420    00000080     msp432p4xx_driverlib.lib : interrupt.o (.text:Interrupt_enableInterrupt)
                  000004a0    0000007c     lab3.obj (.text:main)
                  0000051c    00000078     system_msp432p401r.obj (.text:SystemInit)
                  00000594    0000006c     lab3.obj (.text:configTimer1)
                  00000600    00000068     msp432p4xx_driverlib.lib : timer_a.o (.text:Timer_A_configureUpMode)
                  00000668    00000068     lab3.obj (.text:configureInputInterrupts)
                  000006d0    00000068     rtsv7M4_T_le_v4SPD16_eabi.lib : copy_decompress_lzss.c.obj (.text:decompress:lzss:__TI_decompress_lzss)
                  00000738    0000005c     msp432p4xx_driverlib.lib : interrupt.o (.text:Interrupt_registerInterrupt)
                  00000794    00000058                              : gpio.o (.text:GPIO_setAsInputPinWithPullUpResistor)
                  000007ec    00000054     lab3.obj (.text:updateFrequencyState)
                  00000840    00000054     lab3.obj (.text:updatePatternState)
                  00000894    00000050     lab3.obj (.text:resetTimers)
                  000008e4    00000044     rtsv7M4_T_le_v4SPD16_eabi.lib : autoinit.c.obj (.text:__TI_auto_init_nobinit_nopinit:__TI_auto_init_nobinit_nopinit)
                  00000928    00000040     msp432p4xx_driverlib.lib : gpio.o (.text:GPIO_setAsOutputPin)
                  00000968    0000003c                              : gpio.o (.text:GPIO_interruptEdgeSelect)
                  000009a4    0000003c     lab3.obj (.text:servicePatternState)
                  000009e0    0000003c     lab3.obj (.text:toggleColored)
                  00000a1c    00000034     rtsv7M4_T_le_v4SPD16_eabi.lib : boot_cortex_m.c.obj (.text:_c_int00_noargs:_c_int00_noargs)
                  00000a50    0000002c     lab3.obj (.text:configureGPIO)
                  00000a7c    00000028     msp432p4xx_driverlib.lib : gpio.o (.text:GPIO_clearInterruptFlag)
                  00000aa4    00000028                              : gpio.o (.text:GPIO_enableInterrupt)
                  00000acc    00000028                              : gpio.o (.text:GPIO_setOutputHighOnPin)
                  00000af4    00000028                              : gpio.o (.text:GPIO_setOutputLowOnPin)
                  00000b1c    00000028                              : gpio.o (.text:GPIO_toggleOutputOnPin)
                  00000b44    00000024                              : gpio.o (.text:GPIO_getInterruptStatus)
                  00000b68    00000024                              : gpio.o (.text:GPIO_registerInterrupt)
                  00000b8c    0000001c     rtsv7M4_T_le_v4SPD16_eabi.lib : copy_zero_init.c.obj (.text:decompress:ZI:__TI_zero_init_nomemset:__TI_zero_init_nomemset)
                  00000ba8    00000018     msp432p4xx_driverlib.lib : timer_a.o (.text:Timer_A_enableInterrupt)
                  00000bc0    00000016                              : timer_a.o (.text:Timer_A_clearInterruptFlag)
                  00000bd6    00000016                              : timer_a.o (.text:Timer_A_startCounter)
                  00000bec    00000014                              : timer_a.o (.text:Timer_A_stopTimer)
                  00000c00    0000000e     rtsv7M4_T_le_v4SPD16_eabi.lib : copy_decompress_none.c.obj (.text:decompress:none:__TI_decompress_none)
                  00000c0e    0000000c     startup_msp432p401r_ccs.obj (.text:Reset_Handler)
                  00000c1a    0000000c     lab3.obj (.text:pushButtons)
                  00000c26    00000004     rtsv7M4_T_le_v4SPD16_eabi.lib : pre_init.c.obj (.text:_system_pre_init)
                  00000c2a    00000004                                   : exit.c.obj (.text:abort:abort)

.const     0    00000c30    00000054     
                  00000c30    00000030     msp432p4xx_driverlib.lib : gpio.o (.const:GPIO_PORT_TO_BASE)
                  00000c60    0000001c                              : gpio.o (.const:GPIO_PORT_TO_INT)
                  00000c7c    00000008                              : interrupt.o (.const:g_pulEnRegs)

.cinit     0    00000c88    00000048     
                  00000c88    00000014     (.cinit..data.load) [load image, compression = lzss]
                  00000c9c    0000000c     (__TI_handler_table)
                  00000ca8    00000008     (.cinit..bss.load) [load image, compression = zero_init]
                  00000cb0    00000008     (.cinit..vtable.load) [load image, compression = zero_init]
                  00000cb8    00000018     (__TI_cinit_table)

.init_array 
*          0    00000000    00000000     UNINITIALIZED

.binit     0    00000000    00000000     

.vtable    0    20000000    000000e8     UNINITIALIZED
                  20000000    000000e8     msp432p4xx_driverlib.lib : interrupt.o (.vtable)

.bss       0    200000e8    00000018     UNINITIALIZED
                  200000e8    00000018     (.common:timerConfig)

.data      0    20000100    00000013     UNINITIALIZED
                  20000100    00000008     lab3.obj (.data:clockDividerArray)
                  20000108    00000008     lab3.obj (.data:clockPeriodArray)
                  20000110    00000003     lab3.obj (.data)

.stack     0    2000fe00    00000200     UNINITIALIZED
                  2000fe00    00000004     rtsv7M4_T_le_v4SPD16_eabi.lib : boot_cortex_m.c.obj (.stack)
                  2000fe04    000001fc     --HOLE--

__llvm_prf_cnts 
*          0    20000000    00000000     UNINITIALIZED

MODULE SUMMARY

       Module                        code   ro data   rw data
       ------                        ----   -------   -------
    .\
       lab3.obj                      896    0         86     
       system_msp432p401r.obj        120    0         0      
    +--+-----------------------------+------+---------+---------+
       Total:                        1016   0         86     
                                                             
    .\ccs\
       startup_msp432p401r_ccs.obj   14     228       0      
    +--+-----------------------------+------+---------+---------+
       Total:                        14     228       0      
                                                             
    C:/ti/simplelink_msp432p4_sdk_3_40_01_02/source/ti/devices/msp432p4xx/driverlib/ccs/msp432p4xx_driverlib.lib
       timer_a.o                     726    0         0      
       interrupt.o                   220    8         464    
       gpio.o                        484    76        0      
    +--+-----------------------------+------+---------+---------+
       Total:                        1430   84        464    
                                                             
    C:\ti\ccs1271\ccs\tools\compiler\ti-cgt-arm_20.2.7.LTS\lib\rtsv7M4_T_le_v4SPD16_eabi.lib
       memcpy_t2.asm.obj             156    0         0      
       copy_decompress_lzss.c.obj    104    0         0      
       autoinit.c.obj                68     0         0      
       boot_cortex_m.c.obj           52     0         0      
       copy_zero_init.c.obj          28     0         0      
       copy_decompress_none.c.obj    14     0         0      
       exit.c.obj                    4      0         0      
       pre_init.c.obj                4      0         0      
    +--+-----------------------------+------+---------+---------+
       Total:                        430    0         0      
                                                             
       Stack:                        0      0         1024   
       Linker Generated:             0      72        0      
    +--+-----------------------------+------+---------+---------+
       Grand Total:                  2890   384       1574   


LINKER GENERATED COPY TABLES

__TI_cinit_table @ 00000cb8 records: 3, size/record: 8, table size: 24
	.data: load addr=00000c88, load size=00000014 bytes, run addr=20000100, run size=00000013 bytes, compression=lzss
	.bss: load addr=00000ca8, load size=00000008 bytes, run addr=200000e8, run size=00000018 bytes, compression=zero_init
	.vtable: load addr=00000cb0, load size=00000008 bytes, run addr=20000000, run size=000000e8 bytes, compression=zero_init


LINKER GENERATED HANDLER TABLE

__TI_handler_table @ 00000c9c records: 3, size/record: 4, table size: 12
	index: 0, handler: __TI_zero_init
	index: 1, handler: __TI_decompress_lzss
	index: 2, handler: __TI_decompress_none


GLOBAL SYMBOLS: SORTED ALPHABETICALLY BY Name 

address   name                                
-------   ----                                
00000397  ADC14_IRQHandler                    
00000397  AES256_IRQHandler                   
00000397  BusFault_Handler                    
00000c2b  C$$EXIT                             
00000397  COMP_E0_IRQHandler                  
00000397  COMP_E1_IRQHandler                  
00000397  CS_IRQHandler                       
00000397  DMA_ERR_IRQHandler                  
00000397  DMA_INT0_IRQHandler                 
00000397  DMA_INT1_IRQHandler                 
00000397  DMA_INT2_IRQHandler                 
00000397  DMA_INT3_IRQHandler                 
00000397  DebugMon_Handler                    
00000397  Default_Handler                     
00000397  EUSCIA0_IRQHandler                  
00000397  EUSCIA1_IRQHandler                  
00000397  EUSCIA2_IRQHandler                  
00000397  EUSCIA3_IRQHandler                  
00000397  EUSCIB0_IRQHandler                  
00000397  EUSCIB1_IRQHandler                  
00000397  EUSCIB2_IRQHandler                  
00000397  EUSCIB3_IRQHandler                  
00000397  FLCTL_IRQHandler                    
00000397  FPU_IRQHandler                      
00000a7d  GPIO_clearInterruptFlag             
00000aa5  GPIO_enableInterrupt                
00000b45  GPIO_getInterruptStatus             
00000969  GPIO_interruptEdgeSelect            
00000b69  GPIO_registerInterrupt              
00000795  GPIO_setAsInputPinWithPullUpResistor
00000929  GPIO_setAsOutputPin                 
00000acd  GPIO_setOutputHighOnPin             
00000af5  GPIO_setOutputLowOnPin              
00000b1d  GPIO_toggleOutputOnPin              
00000397  HardFault_Handler                   
00000421  Interrupt_enableInterrupt           
00000739  Interrupt_registerInterrupt         
00000397  MemManage_Handler                   
00000397  NMI_Handler                         
00000397  PCM_IRQHandler                      
00000397  PORT1_IRQHandler                    
00000397  PORT2_IRQHandler                    
00000397  PORT3_IRQHandler                    
00000397  PORT4_IRQHandler                    
00000397  PORT5_IRQHandler                    
00000397  PORT6_IRQHandler                    
00000397  PSS_IRQHandler                      
00000397  PendSV_Handler                      
00000397  RTC_C_IRQHandler                    
00000c0f  Reset_Handler                       
00000397  SVC_Handler                         
00000397  SysTick_Handler                     
0000051d  SystemInit                          
00000397  T32_INT1_IRQHandler                 
00000397  T32_INT2_IRQHandler                 
00000397  T32_INTC_IRQHandler                 
00000397  TA0_0_IRQHandler                    
00000397  TA0_N_IRQHandler                    
00000397  TA1_0_IRQHandler                    
00000397  TA1_N_IRQHandler                    
00000397  TA2_0_IRQHandler                    
00000397  TA2_N_IRQHandler                    
00000397  TA3_0_IRQHandler                    
00000397  TA3_N_IRQHandler                    
00000bc1  Timer_A_clearInterruptFlag          
00000601  Timer_A_configureUpMode             
00000ba9  Timer_A_enableInterrupt             
00000229  Timer_A_registerInterrupt           
00000bd7  Timer_A_startCounter                
00000bed  Timer_A_stopTimer                   
00000397  UsageFault_Handler                  
4000480c  WDTCTL_SYM                          
00000397  WDT_A_IRQHandler                    
20010000  __STACK_END                         
00000200  __STACK_SIZE                        
00000cb8  __TI_CINIT_Base                     
00000cd0  __TI_CINIT_Limit                    
00000c9c  __TI_Handler_Table_Base             
00000ca8  __TI_Handler_Table_Limit            
000008e5  __TI_auto_init_nobinit_nopinit      
000006d1  __TI_decompress_lzss                
00000c01  __TI_decompress_none                
ffffffff  __TI_pprof_out_hndl                 
ffffffff  __TI_prof_data_size                 
ffffffff  __TI_prof_data_start                
00000000  __TI_static_base__                  
00000b8d  __TI_zero_init_nomemset             
000002fb  __aeabi_memcpy                      
000002fb  __aeabi_memcpy4                     
000002fb  __aeabi_memcpy8                     
ffffffff  __binit__                           
ffffffff  __c_args__                          
UNDEFED   __mpu_init                          
2000fe00  __stack                             
20000000  __start___llvm_prf_cnts             
20000000  __stop___llvm_prf_cnts              
00000a1d  _c_int00_noargs                     
UNDEFED   _system_post_cinit                  
00000c27  _system_pre_init                    
00000c2b  abort                               
ffffffff  binit                               
20000100  clockDividerArray                   
20000108  clockPeriodArray                    
00000595  configTimer1                        
00000a51  configureGPIO                       
00000669  configureInputInterrupts            
20000111  frequencyState                      
20000000  g_pfnRAMVectors                     
00000000  interruptVectors                    
20000110  led1Counter                         
000004a1  main                                
000002fb  memcpy                              
20000112  patternState                        
00000c1b  pushButtons                         
00000895  resetTimers                         
000009a5  servicePatternState                 
200000e8  timerConfig                         
000009e1  toggleColored                       
00000399  toggleLEDs                          
000007ed  updateFrequencyState                
00000841  updatePatternState                  


GLOBAL SYMBOLS: SORTED BY Symbol Address 

address   name                                
-------   ----                                
00000000  __TI_static_base__                  
00000000  interruptVectors                    
00000200  __STACK_SIZE                        
00000229  Timer_A_registerInterrupt           
000002fb  __aeabi_memcpy                      
000002fb  __aeabi_memcpy4                     
000002fb  __aeabi_memcpy8                     
000002fb  memcpy                              
00000397  ADC14_IRQHandler                    
00000397  AES256_IRQHandler                   
00000397  BusFault_Handler                    
00000397  COMP_E0_IRQHandler                  
00000397  COMP_E1_IRQHandler                  
00000397  CS_IRQHandler                       
00000397  DMA_ERR_IRQHandler                  
00000397  DMA_INT0_IRQHandler                 
00000397  DMA_INT1_IRQHandler                 
00000397  DMA_INT2_IRQHandler                 
00000397  DMA_INT3_IRQHandler                 
00000397  DebugMon_Handler                    
00000397  Default_Handler                     
00000397  EUSCIA0_IRQHandler                  
00000397  EUSCIA1_IRQHandler                  
00000397  EUSCIA2_IRQHandler                  
00000397  EUSCIA3_IRQHandler                  
00000397  EUSCIB0_IRQHandler                  
00000397  EUSCIB1_IRQHandler                  
00000397  EUSCIB2_IRQHandler                  
00000397  EUSCIB3_IRQHandler                  
00000397  FLCTL_IRQHandler                    
00000397  FPU_IRQHandler                      
00000397  HardFault_Handler                   
00000397  MemManage_Handler                   
00000397  NMI_Handler                         
00000397  PCM_IRQHandler                      
00000397  PORT1_IRQHandler                    
00000397  PORT2_IRQHandler                    
00000397  PORT3_IRQHandler                    
00000397  PORT4_IRQHandler                    
00000397  PORT5_IRQHandler                    
00000397  PORT6_IRQHandler                    
00000397  PSS_IRQHandler                      
00000397  PendSV_Handler                      
00000397  RTC_C_IRQHandler                    
00000397  SVC_Handler                         
00000397  SysTick_Handler                     
00000397  T32_INT1_IRQHandler                 
00000397  T32_INT2_IRQHandler                 
00000397  T32_INTC_IRQHandler                 
00000397  TA0_0_IRQHandler                    
00000397  TA0_N_IRQHandler                    
00000397  TA1_0_IRQHandler                    
00000397  TA1_N_IRQHandler                    
00000397  TA2_0_IRQHandler                    
00000397  TA2_N_IRQHandler                    
00000397  TA3_0_IRQHandler                    
00000397  TA3_N_IRQHandler                    
00000397  UsageFault_Handler                  
00000397  WDT_A_IRQHandler                    
00000399  toggleLEDs                          
00000421  Interrupt_enableInterrupt           
000004a1  main                                
0000051d  SystemInit                          
00000595  configTimer1                        
00000601  Timer_A_configureUpMode             
00000669  configureInputInterrupts            
000006d1  __TI_decompress_lzss                
00000739  Interrupt_registerInterrupt         
00000795  GPIO_setAsInputPinWithPullUpResistor
000007ed  updateFrequencyState                
00000841  updatePatternState                  
00000895  resetTimers                         
000008e5  __TI_auto_init_nobinit_nopinit      
00000929  GPIO_setAsOutputPin                 
00000969  GPIO_interruptEdgeSelect            
000009a5  servicePatternState                 
000009e1  toggleColored                       
00000a1d  _c_int00_noargs                     
00000a51  configureGPIO                       
00000a7d  GPIO_clearInterruptFlag             
00000aa5  GPIO_enableInterrupt                
00000acd  GPIO_setOutputHighOnPin             
00000af5  GPIO_setOutputLowOnPin              
00000b1d  GPIO_toggleOutputOnPin              
00000b45  GPIO_getInterruptStatus             
00000b69  GPIO_registerInterrupt              
00000b8d  __TI_zero_init_nomemset             
00000ba9  Timer_A_enableInterrupt             
00000bc1  Timer_A_clearInterruptFlag          
00000bd7  Timer_A_startCounter                
00000bed  Timer_A_stopTimer                   
00000c01  __TI_decompress_none                
00000c0f  Reset_Handler                       
00000c1b  pushButtons                         
00000c27  _system_pre_init                    
00000c2b  C$$EXIT                             
00000c2b  abort                               
00000c9c  __TI_Handler_Table_Base             
00000ca8  __TI_Handler_Table_Limit            
00000cb8  __TI_CINIT_Base                     
00000cd0  __TI_CINIT_Limit                    
20000000  __start___llvm_prf_cnts             
20000000  __stop___llvm_prf_cnts              
20000000  g_pfnRAMVectors                     
200000e8  timerConfig                         
20000100  clockDividerArray                   
20000108  clockPeriodArray                    
20000110  led1Counter                         
20000111  frequencyState                      
20000112  patternState                        
2000fe00  __stack                             
20010000  __STACK_END                         
4000480c  WDTCTL_SYM                          
ffffffff  __TI_pprof_out_hndl                 
ffffffff  __TI_prof_data_size                 
ffffffff  __TI_prof_data_start                
ffffffff  __binit__                           
ffffffff  __c_args__                          
ffffffff  binit                               
UNDEFED   __mpu_init                          
UNDEFED   _system_post_cinit                  

[121 symbols]
