******************************************************************************
                  TI ARM Linker PC v20.2.7                     
******************************************************************************
>> Linked Fri Feb 13 12:27:17 2026

OUTPUT FILE NAME:   <lab4.out>
ENTRY POINT SYMBOL: "_c_int00_noargs"  address: 000005c5


MEMORY CONFIGURATION

         name            origin    length      used     unused   attr    fill
----------------------  --------  ---------  --------  --------  ----  --------
  MAIN                  00000000   00040000  0000067e  0003f982  R  X
  INFO                  00200000   00004000  00000000  00004000  R  X
  SRAM_CODE             01000000   00010000  0000021a  0000fde6  RW X
  SRAM_DATA             20000000   00010000  0000021a  0000fde6  RW  


SEGMENT ALLOCATION MAP

run origin  load origin   length   init length attrs members
----------  ----------- ---------- ----------- ----- -------
00000000    00000000    00000680   00000680    r-x
  00000000    00000000    000000e4   000000e4    r-- .intvecs
  000000e4    000000e4    0000056a   0000056a    r-x .text
  00000650    00000650    00000030   00000030    r-- .cinit
20000000    20000000    0000001a   00000000    rw-
  20000000    20000000    00000018   00000000    rw- .bss
  20000018    20000018    00000002   00000000    rw- .data
2000fe00    2000fe00    00000200   00000000    rw-
  2000fe00    2000fe00    00000200   00000000    rw- .stack


SECTION ALLOCATION MAP

 output                                  attributes/
section   page    origin      length       input sections
--------  ----  ----------  ----------   ----------------
.intvecs   0    00000000    000000e4     
                  00000000    000000e4     startup_msp432p401r_ccs.obj (.intvecs:retain)

.text      0    000000e4    0000056a     
                  000000e4    00000138     lab4.obj (.text:readBumperSwitches)
                  0000021c    000000a8     lab4.obj (.text:main)
                  000002c4    0000009c     rtsv7M4_T_le_v4SPD16_eabi.lib : memcpy_t2.asm.obj (.text)
                  00000360    00000090     lab4.obj (.text:configPWMTimer)
                  000003f0    00000078     system_msp432p401r.obj (.text:SystemInit)
                  00000468    00000070     lab4.obj (.text:configureRobotIO)
                  000004d8    00000068     rtsv7M4_T_le_v4SPD16_eabi.lib : copy_decompress_lzss.c.obj (.text:decompress:lzss:__TI_decompress_lzss)
                  00000540    00000044                                   : autoinit.c.obj (.text:__TI_auto_init_nobinit_nopinit:__TI_auto_init_nobinit_nopinit)
                  00000584    00000040     lab4.obj (.text:configure432IO)
                  000005c4    00000034     rtsv7M4_T_le_v4SPD16_eabi.lib : boot_cortex_m.c.obj (.text:_c_int00_noargs:_c_int00_noargs)
                  000005f8    0000001c                                   : copy_zero_init.c.obj (.text:decompress:ZI:__TI_zero_init_nomemset:__TI_zero_init_nomemset)
                  00000614    00000016     msp432p4xx_driverlib.lib : timer_a.o (.text:Timer_A_startCounter)
                  0000062a    0000000e     rtsv7M4_T_le_v4SPD16_eabi.lib : copy_decompress_none.c.obj (.text:decompress:none:__TI_decompress_none)
                  00000638    0000000c     startup_msp432p401r_ccs.obj (.text:Reset_Handler)
                  00000644    00000004     rtsv7M4_T_le_v4SPD16_eabi.lib : pre_init.c.obj (.text:_system_pre_init)
                  00000648    00000004                                   : exit.c.obj (.text:abort:abort)
                  0000064c    00000002     startup_msp432p401r_ccs.obj (.text:Default_Handler)

.cinit     0    00000650    00000030     
                  00000650    0000000c     (__TI_handler_table)
                  0000065c    00000004     --HOLE-- [fill = 0]
                  00000660    00000008     (.cinit..bss.load) [load image, compression = zero_init]
                  00000668    00000006     (.cinit..data.load) [load image, compression = lzss]
                  0000066e    00000002     --HOLE-- [fill = 0]
                  00000670    00000010     (__TI_cinit_table)

.init_array 
*          0    00000000    00000000     UNINITIALIZED

.binit     0    00000000    00000000     

.bss       0    20000000    00000018     UNINITIALIZED
                  20000000    00000018     (.common:timerPWMConfig)

.data      0    20000018    00000002     UNINITIALIZED
                  20000018    00000002     lab4.obj (.data)

.stack     0    2000fe00    00000200     UNINITIALIZED
                  2000fe00    00000004     rtsv7M4_T_le_v4SPD16_eabi.lib : boot_cortex_m.c.obj (.stack)
                  2000fe04    000001fc     --HOLE--

__llvm_prf_cnts 
*          0    20000000    00000000     UNINITIALIZED

MODULE SUMMARY

       Module                        code   ro data   rw data
       ------                        ----   -------   -------
    .\
       lab4.obj                      800    0         52     
       system_msp432p401r.obj        120    0         0      
    +--+-----------------------------+------+---------+---------+
       Total:                        920    0         52     
                                                             
    .\ccs\
       startup_msp432p401r_ccs.obj   14     228       0      
    +--+-----------------------------+------+---------+---------+
       Total:                        14     228       0      
                                                             
    C:/ti/simplelink_msp432p4_sdk_3_40_01_02/source/ti/devices/msp432p4xx/driverlib/ccs/msp432p4xx_driverlib.lib
       timer_a.o                     22     0         0      
    +--+-----------------------------+------+---------+---------+
       Total:                        22     0         0      
                                                             
    C:\ti\ccs1271\ccs\tools\compiler\ti-cgt-arm_20.2.7.LTS\lib\rtsv7M4_T_le_v4SPD16_eabi.lib
       memcpy_t2.asm.obj             156    0         0      
       copy_decompress_lzss.c.obj    104    0         0      
       autoinit.c.obj                68     0         0      
       boot_cortex_m.c.obj           52     0         0      
       copy_zero_init.c.obj          28     0         0      
       copy_decompress_none.c.obj    14     0         0      
       exit.c.obj                    4      0         0      
       pre_init.c.obj                4      0         0      
    +--+-----------------------------+------+---------+---------+
       Total:                        430    0         0      
                                                             
       Stack:                        0      0         1024   
       Linker Generated:             0      42        0      
    +--+-----------------------------+------+---------+---------+
       Grand Total:                  1386   270       1076   


LINKER GENERATED COPY TABLES

__TI_cinit_table @ 00000670 records: 2, size/record: 8, table size: 16
	.bss: load addr=00000660, load size=00000008 bytes, run addr=20000000, run size=00000018 bytes, compression=zero_init
	.data: load addr=00000668, load size=00000006 bytes, run addr=20000018, run size=00000002 bytes, compression=lzss


LINKER GENERATED HANDLER TABLE

__TI_handler_table @ 00000650 records: 3, size/record: 4, table size: 12
	index: 0, handler: __TI_decompress_lzss
	index: 1, handler: __TI_decompress_none
	index: 2, handler: __TI_zero_init


GLOBAL SYMBOLS: SORTED ALPHABETICALLY BY Name 

address   name                          
-------   ----                          
0000064d  ADC14_IRQHandler              
0000064d  AES256_IRQHandler             
0000064d  BusFault_Handler              
00000649  C$$EXIT                       
0000064d  COMP_E0_IRQHandler            
0000064d  COMP_E1_IRQHandler            
0000064d  CS_IRQHandler                 
0000064d  DMA_ERR_IRQHandler            
0000064d  DMA_INT0_IRQHandler           
0000064d  DMA_INT1_IRQHandler           
0000064d  DMA_INT2_IRQHandler           
0000064d  DMA_INT3_IRQHandler           
0000064d  DebugMon_Handler              
0000064d  Default_Handler               
0000064d  EUSCIA0_IRQHandler            
0000064d  EUSCIA1_IRQHandler            
0000064d  EUSCIA2_IRQHandler            
0000064d  EUSCIA3_IRQHandler            
0000064d  EUSCIB0_IRQHandler            
0000064d  EUSCIB1_IRQHandler            
0000064d  EUSCIB2_IRQHandler            
0000064d  EUSCIB3_IRQHandler            
0000064d  FLCTL_IRQHandler              
0000064d  FPU_IRQHandler                
0000064d  HardFault_Handler             
20000018  LeftWheelState                
0000064d  MemManage_Handler             
0000064d  NMI_Handler                   
0000064d  PCM_IRQHandler                
0000064d  PORT1_IRQHandler              
0000064d  PORT2_IRQHandler              
0000064d  PORT3_IRQHandler              
0000064d  PORT4_IRQHandler              
0000064d  PORT5_IRQHandler              
0000064d  PORT6_IRQHandler              
0000064d  PSS_IRQHandler                
0000064d  PendSV_Handler                
0000064d  RTC_C_IRQHandler              
00000639  Reset_Handler                 
20000019  RightWheelState               
0000064d  SVC_Handler                   
0000064d  SysTick_Handler               
000003f1  SystemInit                    
0000064d  T32_INT1_IRQHandler           
0000064d  T32_INT2_IRQHandler           
0000064d  T32_INTC_IRQHandler           
0000064d  TA0_0_IRQHandler              
0000064d  TA0_N_IRQHandler              
0000064d  TA1_0_IRQHandler              
0000064d  TA1_N_IRQHandler              
0000064d  TA2_0_IRQHandler              
0000064d  TA2_N_IRQHandler              
0000064d  TA3_0_IRQHandler              
0000064d  TA3_N_IRQHandler              
00000615  Timer_A_startCounter          
0000064d  UsageFault_Handler            
4000480c  WDTCTL_SYM                    
0000064d  WDT_A_IRQHandler              
20010000  __STACK_END                   
00000200  __STACK_SIZE                  
00000670  __TI_CINIT_Base               
00000680  __TI_CINIT_Limit              
00000650  __TI_Handler_Table_Base       
0000065c  __TI_Handler_Table_Limit      
00000541  __TI_auto_init_nobinit_nopinit
000004d9  __TI_decompress_lzss          
0000062b  __TI_decompress_none          
ffffffff  __TI_pprof_out_hndl           
ffffffff  __TI_prof_data_size           
ffffffff  __TI_prof_data_start          
00000000  __TI_static_base__            
000005f9  __TI_zero_init_nomemset       
000002c5  __aeabi_memcpy                
000002c5  __aeabi_memcpy4               
000002c5  __aeabi_memcpy8               
ffffffff  __binit__                     
ffffffff  __c_args__                    
UNDEFED   __mpu_init                    
2000fe00  __stack                       
20000000  __start___llvm_prf_cnts       
20000000  __stop___llvm_prf_cnts        
000005c5  _c_int00_noargs               
UNDEFED   _system_post_cinit            
00000645  _system_pre_init              
00000649  abort                         
ffffffff  binit                         
00000361  configPWMTimer                
00000585  configure432IO                
00000469  configureRobotIO              
00000000  interruptVectors              
0000021d  main                          
000002c5  memcpy                        
000000e5  readBumperSwitches            
20000000  timerPWMConfig                


GLOBAL SYMBOLS: SORTED BY Symbol Address 

address   name                          
-------   ----                          
00000000  __TI_static_base__            
00000000  interruptVectors              
000000e5  readBumperSwitches            
00000200  __STACK_SIZE                  
0000021d  main                          
000002c5  __aeabi_memcpy                
000002c5  __aeabi_memcpy4               
000002c5  __aeabi_memcpy8               
000002c5  memcpy                        
00000361  configPWMTimer                
000003f1  SystemInit                    
00000469  configureRobotIO              
000004d9  __TI_decompress_lzss          
00000541  __TI_auto_init_nobinit_nopinit
00000585  configure432IO                
000005c5  _c_int00_noargs               
000005f9  __TI_zero_init_nomemset       
00000615  Timer_A_startCounter          
0000062b  __TI_decompress_none          
00000639  Reset_Handler                 
00000645  _system_pre_init              
00000649  C$$EXIT                       
00000649  abort                         
0000064d  ADC14_IRQHandler              
0000064d  AES256_IRQHandler             
0000064d  BusFault_Handler              
0000064d  COMP_E0_IRQHandler            
0000064d  COMP_E1_IRQHandler            
0000064d  CS_IRQHandler                 
0000064d  DMA_ERR_IRQHandler            
0000064d  DMA_INT0_IRQHandler           
0000064d  DMA_INT1_IRQHandler           
0000064d  DMA_INT2_IRQHandler           
0000064d  DMA_INT3_IRQHandler           
0000064d  DebugMon_Handler              
0000064d  Default_Handler               
0000064d  EUSCIA0_IRQHandler            
0000064d  EUSCIA1_IRQHandler            
0000064d  EUSCIA2_IRQHandler            
0000064d  EUSCIA3_IRQHandler            
0000064d  EUSCIB0_IRQHandler            
0000064d  EUSCIB1_IRQHandler            
0000064d  EUSCIB2_IRQHandler            
0000064d  EUSCIB3_IRQHandler            
0000064d  FLCTL_IRQHandler              
0000064d  FPU_IRQHandler                
0000064d  HardFault_Handler             
0000064d  MemManage_Handler             
0000064d  NMI_Handler                   
0000064d  PCM_IRQHandler                
0000064d  PORT1_IRQHandler              
0000064d  PORT2_IRQHandler              
0000064d  PORT3_IRQHandler              
0000064d  PORT4_IRQHandler              
0000064d  PORT5_IRQHandler              
0000064d  PORT6_IRQHandler              
0000064d  PSS_IRQHandler                
0000064d  PendSV_Handler                
0000064d  RTC_C_IRQHandler              
0000064d  SVC_Handler                   
0000064d  SysTick_Handler               
0000064d  T32_INT1_IRQHandler           
0000064d  T32_INT2_IRQHandler           
0000064d  T32_INTC_IRQHandler           
0000064d  TA0_0_IRQHandler              
0000064d  TA0_N_IRQHandler              
0000064d  TA1_0_IRQHandler              
0000064d  TA1_N_IRQHandler              
0000064d  TA2_0_IRQHandler              
0000064d  TA2_N_IRQHandler              
0000064d  TA3_0_IRQHandler              
0000064d  TA3_N_IRQHandler              
0000064d  UsageFault_Handler            
0000064d  WDT_A_IRQHandler              
00000650  __TI_Handler_Table_Base       
0000065c  __TI_Handler_Table_Limit      
00000670  __TI_CINIT_Base               
00000680  __TI_CINIT_Limit              
20000000  __start___llvm_prf_cnts       
20000000  __stop___llvm_prf_cnts        
20000000  timerPWMConfig                
20000018  LeftWheelState                
20000019  RightWheelState               
2000fe00  __stack                       
20010000  __STACK_END                   
4000480c  WDTCTL_SYM                    
ffffffff  __TI_pprof_out_hndl           
ffffffff  __TI_prof_data_size           
ffffffff  __TI_prof_data_start          
ffffffff  __binit__                     
ffffffff  __c_args__                    
ffffffff  binit                         
UNDEFED   __mpu_init                    
UNDEFED   _system_post_cinit            

[94 symbols]
