******************************************************************************
                  TI ARM Linker PC v20.2.7                     
******************************************************************************
>> Linked Fri Mar 27 13:51:04 2026

OUTPUT FILE NAME:   <lab8.out>
ENTRY POINT SYMBOL: "_c_int00_noargs"  address: 00000c41


MEMORY CONFIGURATION

         name            origin    length      used     unused   attr    fill
----------------------  --------  ---------  --------  --------  ----  --------
  MAIN                  00000000   00040000  00000eb6  0003f14a  R  X
  INFO                  00200000   00004000  00000000  00004000  R  X
  SRAM_CODE             01000000   00010000  00000226  0000fdda  RW X
  SRAM_DATA             20000000   00010000  00000226  0000fdda  RW  


SEGMENT ALLOCATION MAP

run origin  load origin   length   init length attrs members
----------  ----------- ---------- ----------- ----- -------
00000000    00000000    00000eb8   00000eb8    r-x
  00000000    00000000    000000e4   000000e4    r-- .intvecs
  000000e4    000000e4    00000d6a   00000d6a    r-x .text
  00000e50    00000e50    00000030   00000030    r-- .const
  00000e80    00000e80    00000038   00000038    r-- .cinit
20000000    20000000    00000026   00000000    rw-
  20000000    20000000    00000019   00000000    rw- .bss
  20000019    20000019    0000000d   00000000    rw- .data
2000fe00    2000fe00    00000200   00000000    rw-
  2000fe00    2000fe00    00000200   00000000    rw- .stack


SECTION ALLOCATION MAP

 output                                  attributes/
section   page    origin      length       input sections
--------  ----  ----------  ----------   ----------------
.intvecs   0    00000000    000000e4     
                  00000000    000000e4     startup_msp432p401r_ccs.obj (.intvecs:retain)

.text      0    000000e4    00000d6a     
                  000000e4    00000230     lab8.obj (.text:main)
                  00000314    00000160     lab8.obj (.text:readLineSensors)
                  00000474    000000dc     lab8.obj (.text:configureRobotIO)
                  00000550    000000d4     lab8.obj (.text:LEDStatesControl)
                  00000624    000000d4     lab8.obj (.text:serviceLeftMotor)
                  000006f8    000000d4     lab8.obj (.text:serviceRightMotor)
                  000007cc    0000009c     lab8.obj (.text:processSensorData)
                  00000868    0000009c     rtsv7M4_T_le_v4SPD16_eabi.lib : memcpy_t2.asm.obj (.text)
                  00000904    00000090     lab8.obj (.text:configPWMTimer)
                  00000994    00000088     lab8.obj (.text:serviceLEDs)
                  00000a1c    00000084     lab8.obj (.text:updateDutyState)
                  00000aa0    00000078     system_msp432p401r.obj (.text:SystemInit)
                  00000b18    00000068     rtsv7M4_T_le_v4SPD16_eabi.lib : copy_decompress_lzss.c.obj (.text:decompress:lzss:__TI_decompress_lzss)
                  00000b80    00000044                                   : autoinit.c.obj (.text:__TI_auto_init_nobinit_nopinit:__TI_auto_init_nobinit_nopinit)
                  00000bc4    00000040     lab8.obj (.text:configure432IO)
                  00000c04    0000003c     msp432p4xx_driverlib.lib : gpio.o (.text:GPIO_interruptEdgeSelect)
                  00000c40    00000034     rtsv7M4_T_le_v4SPD16_eabi.lib : boot_cortex_m.c.obj (.text:_c_int00_noargs:_c_int00_noargs)
                  00000c74    00000028     msp432p4xx_driverlib.lib : gpio.o (.text:GPIO_clearInterruptFlag)
                  00000c9c    00000028                              : gpio.o (.text:GPIO_enableInterrupt)
                  00000cc4    00000028                              : gpio.o (.text:GPIO_setOutputHighOnPin)
                  00000cec    00000028                              : gpio.o (.text:GPIO_setOutputLowOnPin)
                  00000d14    00000024                              : gpio.o (.text:GPIO_getInterruptStatus)
                  00000d38    00000022     lab8.obj (.text:handleStandBy)
                  00000d5a    00000022     lab8.obj (.text:toggleRSLKLEDTest)
                  00000d7c    0000001c     rtsv7M4_T_le_v4SPD16_eabi.lib : copy_zero_init.c.obj (.text:decompress:ZI:__TI_zero_init_nomemset:__TI_zero_init_nomemset)
                  00000d98    0000001c     lab8.obj (.text:turnOffWhiteLED2)
                  00000db4    0000001c     lab8.obj (.text:turnOnWhiteLED2)
                  00000dd0    00000018     lab8.obj (.text:toggleAllLEDSOFFTest)
                  00000de8    00000018     lab8.obj (.text:toggleAllLEDSONTest)
                  00000e00    00000016     msp432p4xx_driverlib.lib : timer_a.o (.text:Timer_A_startCounter)
                  00000e16    00000014                              : timer_a.o (.text:Timer_A_stopTimer)
                  00000e2a    0000000e     rtsv7M4_T_le_v4SPD16_eabi.lib : copy_decompress_none.c.obj (.text:decompress:none:__TI_decompress_none)
                  00000e38    0000000c     startup_msp432p401r_ccs.obj (.text:Reset_Handler)
                  00000e44    00000004     rtsv7M4_T_le_v4SPD16_eabi.lib : pre_init.c.obj (.text:_system_pre_init)
                  00000e48    00000004                                   : exit.c.obj (.text:abort:abort)
                  00000e4c    00000002     startup_msp432p401r_ccs.obj (.text:Default_Handler)

.const     0    00000e50    00000030     
                  00000e50    00000030     msp432p4xx_driverlib.lib : gpio.o (.const:GPIO_PORT_TO_BASE)

.cinit     0    00000e80    00000038     
                  00000e80    00000010     (.cinit..data.load) [load image, compression = lzss]
                  00000e90    0000000c     (__TI_handler_table)
                  00000e9c    00000004     --HOLE-- [fill = 0]
                  00000ea0    00000008     (.cinit..bss.load) [load image, compression = zero_init]
                  00000ea8    00000010     (__TI_cinit_table)

.init_array 
*          0    00000000    00000000     UNINITIALIZED

.binit     0    00000000    00000000     

.bss       0    20000000    00000019     UNINITIALIZED
                  20000000    00000018     (.common:timerPWMConfig)
                  20000018    00000001     (.common:LED2State)

.data      0    20000019    0000000d     UNINITIALIZED
                  20000019    0000000d     lab8.obj (.data)

.stack     0    2000fe00    00000200     UNINITIALIZED
                  2000fe00    00000004     rtsv7M4_T_le_v4SPD16_eabi.lib : boot_cortex_m.c.obj (.stack)
                  2000fe04    000001fc     --HOLE--

__llvm_prf_cnts 
*          0    20000000    00000000     UNINITIALIZED

MODULE SUMMARY

       Module                        code   ro data   rw data
       ------                        ----   -------   -------
    .\
       lab8.obj                      2572   0         76     
       system_msp432p401r.obj        120    0         0      
    +--+-----------------------------+------+---------+---------+
       Total:                        2692   0         76     
                                                             
    .\ccs\
       startup_msp432p401r_ccs.obj   14     228       0      
    +--+-----------------------------+------+---------+---------+
       Total:                        14     228       0      
                                                             
    C:/ti/simplelink_msp432p4_sdk_3_40_01_02/source/ti/devices/msp432p4xx/driverlib/ccs/msp432p4xx_driverlib.lib
       gpio.o                        256    48        0      
       timer_a.o                     42     0         0      
    +--+-----------------------------+------+---------+---------+
       Total:                        298    48        0      
                                                             
    C:\ti\ccs1271\ccs\tools\compiler\ti-cgt-arm_20.2.7.LTS\lib\rtsv7M4_T_le_v4SPD16_eabi.lib
       memcpy_t2.asm.obj             156    0         0      
       copy_decompress_lzss.c.obj    104    0         0      
       autoinit.c.obj                68     0         0      
       boot_cortex_m.c.obj           52     0         0      
       copy_zero_init.c.obj          28     0         0      
       copy_decompress_none.c.obj    14     0         0      
       exit.c.obj                    4      0         0      
       pre_init.c.obj                4      0         0      
    +--+-----------------------------+------+---------+---------+
       Total:                        430    0         0      
                                                             
       Stack:                        0      0         1024   
       Linker Generated:             0      52        0      
    +--+-----------------------------+------+---------+---------+
       Grand Total:                  3434   328       1100   


LINKER GENERATED COPY TABLES

__TI_cinit_table @ 00000ea8 records: 2, size/record: 8, table size: 16
	.data: load addr=00000e80, load size=00000010 bytes, run addr=20000019, run size=0000000d bytes, compression=lzss
	.bss: load addr=00000ea0, load size=00000008 bytes, run addr=20000000, run size=00000019 bytes, compression=zero_init


LINKER GENERATED HANDLER TABLE

__TI_handler_table @ 00000e90 records: 3, size/record: 4, table size: 12
	index: 0, handler: __TI_decompress_lzss
	index: 1, handler: __TI_decompress_none
	index: 2, handler: __TI_zero_init


GLOBAL SYMBOLS: SORTED ALPHABETICALLY BY Name 

address   name                          
-------   ----                          
00000e4d  ADC14_IRQHandler              
00000e4d  AES256_IRQHandler             
2000001b  BMP0                          
2000001c  BMPn                          
00000e4d  BusFault_Handler              
00000e49  C$$EXIT                       
00000e4d  COMP_E0_IRQHandler            
00000e4d  COMP_E1_IRQHandler            
00000e4d  CS_IRQHandler                 
00000e4d  DMA_ERR_IRQHandler            
00000e4d  DMA_INT0_IRQHandler           
00000e4d  DMA_INT1_IRQHandler           
00000e4d  DMA_INT2_IRQHandler           
00000e4d  DMA_INT3_IRQHandler           
00000e4d  DebugMon_Handler              
00000e4d  Default_Handler               
00000e4d  EUSCIA0_IRQHandler            
00000e4d  EUSCIA1_IRQHandler            
00000e4d  EUSCIA2_IRQHandler            
00000e4d  EUSCIA3_IRQHandler            
00000e4d  EUSCIB0_IRQHandler            
00000e4d  EUSCIB1_IRQHandler            
00000e4d  EUSCIB2_IRQHandler            
00000e4d  EUSCIB3_IRQHandler            
00000e4d  FLCTL_IRQHandler              
00000e4d  FPU_IRQHandler                
00000c75  GPIO_clearInterruptFlag       
00000c9d  GPIO_enableInterrupt          
00000d15  GPIO_getInterruptStatus       
00000c05  GPIO_interruptEdgeSelect      
00000cc5  GPIO_setOutputHighOnPin       
00000ced  GPIO_setOutputLowOnPin        
00000e4d  HardFault_Handler             
2000001d  LED1State                     
20000018  LED2State                     
00000551  LEDStatesControl              
00000e4d  MemManage_Handler             
00000e4d  NMI_Handler                   
00000e4d  PCM_IRQHandler                
00000e4d  PORT1_IRQHandler              
00000e4d  PORT2_IRQHandler              
00000e4d  PORT3_IRQHandler              
00000e4d  PORT4_IRQHandler              
00000e4d  PORT5_IRQHandler              
00000e4d  PORT6_IRQHandler              
00000e4d  PSS_IRQHandler                
00000e4d  PendSV_Handler                
00000e4d  RTC_C_IRQHandler              
00000e39  Reset_Handler                 
00000e4d  SVC_Handler                   
00000e4d  SysTick_Handler               
00000aa1  SystemInit                    
00000e4d  T32_INT1_IRQHandler           
00000e4d  T32_INT2_IRQHandler           
00000e4d  T32_INTC_IRQHandler           
00000e4d  TA0_0_IRQHandler              
00000e4d  TA0_N_IRQHandler              
00000e4d  TA1_0_IRQHandler              
00000e4d  TA1_N_IRQHandler              
00000e4d  TA2_0_IRQHandler              
00000e4d  TA2_N_IRQHandler              
00000e4d  TA3_0_IRQHandler              
00000e4d  TA3_N_IRQHandler              
00000e01  Timer_A_startCounter          
00000e17  Timer_A_stopTimer             
00000e4d  UsageFault_Handler            
4000480c  WDTCTL_SYM                    
00000e4d  WDT_A_IRQHandler              
20010000  __STACK_END                   
00000200  __STACK_SIZE                  
00000ea8  __TI_CINIT_Base               
00000eb8  __TI_CINIT_Limit              
00000e90  __TI_Handler_Table_Base       
00000e9c  __TI_Handler_Table_Limit      
00000b81  __TI_auto_init_nobinit_nopinit
00000b19  __TI_decompress_lzss          
00000e2b  __TI_decompress_none          
ffffffff  __TI_pprof_out_hndl           
ffffffff  __TI_prof_data_size           
ffffffff  __TI_prof_data_start          
00000000  __TI_static_base__            
00000d7d  __TI_zero_init_nomemset       
00000869  __aeabi_memcpy                
00000869  __aeabi_memcpy4               
00000869  __aeabi_memcpy8               
ffffffff  __binit__                     
ffffffff  __c_args__                    
UNDEFED   __mpu_init                    
2000fe00  __stack                       
20000000  __start___llvm_prf_cnts       
20000000  __stop___llvm_prf_cnts        
00000c41  _c_int00_noargs               
UNDEFED   _system_post_cinit            
00000e45  _system_pre_init              
00000e49  abort                         
ffffffff  binit                         
00000905  configPWMTimer                
00000bc5  configure432IO                
00000475  configureRobotIO              
20000021  currentCorrectionNeeded       
2000001e  currentMode                   
2000001f  currentSpeedL                 
20000020  currentSpeedR                 
00000d39  handleStandBy                 
00000000  interruptVectors              
20000023  leftCount                     
20000019  leftMotorState                
000000e5  main                          
00000869  memcpy                        
000007cd  processSensorData             
00000315  readLineSensors               
20000024  rightCount                    
2000001a  rightMotorState               
20000022  sensorValues                  
00000995  serviceLEDs                   
00000625  serviceLeftMotor              
000006f9  serviceRightMotor             
20000000  timerPWMConfig                
00000dd1  toggleAllLEDSOFFTest          
00000de9  toggleAllLEDSONTest           
00000d5b  toggleRSLKLEDTest             
20000025  totalCount                    
00000d99  turnOffWhiteLED2              
00000db5  turnOnWhiteLED2               
00000a1d  updateDutyState               


GLOBAL SYMBOLS: SORTED BY Symbol Address 

address   name                          
-------   ----                          
00000000  __TI_static_base__            
00000000  interruptVectors              
000000e5  main                          
00000200  __STACK_SIZE                  
00000315  readLineSensors               
00000475  configureRobotIO              
00000551  LEDStatesControl              
00000625  serviceLeftMotor              
000006f9  serviceRightMotor             
000007cd  processSensorData             
00000869  __aeabi_memcpy                
00000869  __aeabi_memcpy4               
00000869  __aeabi_memcpy8               
00000869  memcpy                        
00000905  configPWMTimer                
00000995  serviceLEDs                   
00000a1d  updateDutyState               
00000aa1  SystemInit                    
00000b19  __TI_decompress_lzss          
00000b81  __TI_auto_init_nobinit_nopinit
00000bc5  configure432IO                
00000c05  GPIO_interruptEdgeSelect      
00000c41  _c_int00_noargs               
00000c75  GPIO_clearInterruptFlag       
00000c9d  GPIO_enableInterrupt          
00000cc5  GPIO_setOutputHighOnPin       
00000ced  GPIO_setOutputLowOnPin        
00000d15  GPIO_getInterruptStatus       
00000d39  handleStandBy                 
00000d5b  toggleRSLKLEDTest             
00000d7d  __TI_zero_init_nomemset       
00000d99  turnOffWhiteLED2              
00000db5  turnOnWhiteLED2               
00000dd1  toggleAllLEDSOFFTest          
00000de9  toggleAllLEDSONTest           
00000e01  Timer_A_startCounter          
00000e17  Timer_A_stopTimer             
00000e2b  __TI_decompress_none          
00000e39  Reset_Handler                 
00000e45  _system_pre_init              
00000e49  C$$EXIT                       
00000e49  abort                         
00000e4d  ADC14_IRQHandler              
00000e4d  AES256_IRQHandler             
00000e4d  BusFault_Handler              
00000e4d  COMP_E0_IRQHandler            
00000e4d  COMP_E1_IRQHandler            
00000e4d  CS_IRQHandler                 
00000e4d  DMA_ERR_IRQHandler            
00000e4d  DMA_INT0_IRQHandler           
00000e4d  DMA_INT1_IRQHandler           
00000e4d  DMA_INT2_IRQHandler           
00000e4d  DMA_INT3_IRQHandler           
00000e4d  DebugMon_Handler              
00000e4d  Default_Handler               
00000e4d  EUSCIA0_IRQHandler            
00000e4d  EUSCIA1_IRQHandler            
00000e4d  EUSCIA2_IRQHandler            
00000e4d  EUSCIA3_IRQHandler            
00000e4d  EUSCIB0_IRQHandler            
00000e4d  EUSCIB1_IRQHandler            
00000e4d  EUSCIB2_IRQHandler            
00000e4d  EUSCIB3_IRQHandler            
00000e4d  FLCTL_IRQHandler              
00000e4d  FPU_IRQHandler                
00000e4d  HardFault_Handler             
00000e4d  MemManage_Handler             
00000e4d  NMI_Handler                   
00000e4d  PCM_IRQHandler                
00000e4d  PORT1_IRQHandler              
00000e4d  PORT2_IRQHandler              
00000e4d  PORT3_IRQHandler              
00000e4d  PORT4_IRQHandler              
00000e4d  PORT5_IRQHandler              
00000e4d  PORT6_IRQHandler              
00000e4d  PSS_IRQHandler                
00000e4d  PendSV_Handler                
00000e4d  RTC_C_IRQHandler              
00000e4d  SVC_Handler                   
00000e4d  SysTick_Handler               
00000e4d  T32_INT1_IRQHandler           
00000e4d  T32_INT2_IRQHandler           
00000e4d  T32_INTC_IRQHandler           
00000e4d  TA0_0_IRQHandler              
00000e4d  TA0_N_IRQHandler              
00000e4d  TA1_0_IRQHandler              
00000e4d  TA1_N_IRQHandler              
00000e4d  TA2_0_IRQHandler              
00000e4d  TA2_N_IRQHandler              
00000e4d  TA3_0_IRQHandler              
00000e4d  TA3_N_IRQHandler              
00000e4d  UsageFault_Handler            
00000e4d  WDT_A_IRQHandler              
00000e90  __TI_Handler_Table_Base       
00000e9c  __TI_Handler_Table_Limit      
00000ea8  __TI_CINIT_Base               
00000eb8  __TI_CINIT_Limit              
20000000  __start___llvm_prf_cnts       
20000000  __stop___llvm_prf_cnts        
20000000  timerPWMConfig                
20000018  LED2State                     
20000019  leftMotorState                
2000001a  rightMotorState               
2000001b  BMP0                          
2000001c  BMPn                          
2000001d  LED1State                     
2000001e  currentMode                   
2000001f  currentSpeedL                 
20000020  currentSpeedR                 
20000021  currentCorrectionNeeded       
20000022  sensorValues                  
20000023  leftCount                     
20000024  rightCount                    
20000025  totalCount                    
2000fe00  __stack                       
20010000  __STACK_END                   
4000480c  WDTCTL_SYM                    
ffffffff  __TI_pprof_out_hndl           
ffffffff  __TI_prof_data_size           
ffffffff  __TI_prof_data_start          
ffffffff  __binit__                     
ffffffff  __c_args__                    
ffffffff  binit                         
UNDEFED   __mpu_init                    
UNDEFED   _system_post_cinit            

[125 symbols]
