******************************************************************************
                  TI ARM Linker PC v20.2.7                     
******************************************************************************
>> Linked Tue Apr  7 20:54:59 2026

OUTPUT FILE NAME:   <lab10.out>
ENTRY POINT SYMBOL: "_c_int00_noargs"  address: 00000f01


MEMORY CONFIGURATION

         name            origin    length      used     unused   attr    fill
----------------------  --------  ---------  --------  --------  ----  --------
  MAIN                  00000000   00040000  0000117e  0003ee82  R  X
  INFO                  00200000   00004000  00000000  00004000  R  X
  SRAM_CODE             01000000   00010000  0000023b  0000fdc5  RW X
  SRAM_DATA             20000000   00010000  0000023b  0000fdc5  RW  


SEGMENT ALLOCATION MAP

run origin  load origin   length   init length attrs members
----------  ----------- ---------- ----------- ----- -------
00000000    00000000    00001180   00001180    r-x
  00000000    00000000    000000e4   000000e4    r-- .intvecs
  000000e4    000000e4    0000102a   0000102a    r-x .text
  00001110    00001110    00000030   00000030    r-- .const
  00001140    00001140    00000040   00000040    r-- .cinit
20000000    20000000    0000003d   00000000    rw-
  20000000    20000000    00000022   00000000    rw- .data
  20000024    20000024    00000019   00000000    rw- .bss
2000fe00    2000fe00    00000200   00000000    rw-
  2000fe00    2000fe00    00000200   00000000    rw- .stack


SECTION ALLOCATION MAP

 output                                  attributes/
section   page    origin      length       input sections
--------  ----  ----------  ----------   ----------------
.intvecs   0    00000000    000000e4     
                  00000000    000000e4     startup_msp432p401r_ccs.obj (.intvecs:retain)

.text      0    000000e4    0000102a     
                  000000e4    00000204     lab10.obj (.text:main)
                  000002e8    00000160     lab10.obj (.text:readLineSensors)
                  00000448    0000010c     lab10.obj (.text:updateDutyFromError)
                  00000554    00000108     lab10.obj (.text:calculateP)
                  0000065c    00000100     lab10.obj (.text:LEDStatesControl)
                  0000075c    000000f4     lab10.obj (.text:processSensorData)
                  00000850    000000dc     lab10.obj (.text:configureRobotIO)
                  0000092c    000000d4     lab10.obj (.text:serviceLeftMotor)
                  00000a00    000000d4     lab10.obj (.text:serviceRightMotor)
                  00000ad4    0000009c     rtsv7M4_T_le_v4SPD16_eabi.lib : memcpy_t2.asm.obj (.text)
                  00000b70    00000090     lab10.obj (.text:configPWMTimer)
                  00000c00    00000088     lab10.obj (.text:serviceLEDs)
                  00000c88    00000084     lab10.obj (.text:updateDutyState)
                  00000d0c    00000078     system_msp432p401r.obj (.text:SystemInit)
                  00000d84    00000068     rtsv7M4_T_le_v4SPD16_eabi.lib : copy_decompress_lzss.c.obj (.text:decompress:lzss:__TI_decompress_lzss)
                  00000dec    00000054     lab10.obj (.text:clearSensorValueArray)
                  00000e40    00000044     rtsv7M4_T_le_v4SPD16_eabi.lib : autoinit.c.obj (.text:__TI_auto_init_nobinit_nopinit:__TI_auto_init_nobinit_nopinit)
                  00000e84    00000040     lab10.obj (.text:configure432IO)
                  00000ec4    0000003c     msp432p4xx_driverlib.lib : gpio.o (.text:GPIO_interruptEdgeSelect)
                  00000f00    00000034     rtsv7M4_T_le_v4SPD16_eabi.lib : boot_cortex_m.c.obj (.text:_c_int00_noargs:_c_int00_noargs)
                  00000f34    00000028     msp432p4xx_driverlib.lib : gpio.o (.text:GPIO_clearInterruptFlag)
                  00000f5c    00000028                              : gpio.o (.text:GPIO_enableInterrupt)
                  00000f84    00000028                              : gpio.o (.text:GPIO_setOutputHighOnPin)
                  00000fac    00000028                              : gpio.o (.text:GPIO_setOutputLowOnPin)
                  00000fd4    00000024                              : gpio.o (.text:GPIO_getInterruptStatus)
                  00000ff8    00000022     lab10.obj (.text:handleStandBy)
                  0000101a    00000022     lab10.obj (.text:toggleRSLKLEDTest)
                  0000103c    0000001c     rtsv7M4_T_le_v4SPD16_eabi.lib : copy_zero_init.c.obj (.text:decompress:ZI:__TI_zero_init_nomemset:__TI_zero_init_nomemset)
                  00001058    0000001c     lab10.obj (.text:turnOffWhiteLED2)
                  00001074    0000001c     lab10.obj (.text:turnOnWhiteLED2)
                  00001090    00000018     lab10.obj (.text:toggleAllLEDSOFFTest)
                  000010a8    00000018     lab10.obj (.text:toggleAllLEDSONTest)
                  000010c0    00000016     msp432p4xx_driverlib.lib : timer_a.o (.text:Timer_A_startCounter)
                  000010d6    00000014                              : timer_a.o (.text:Timer_A_stopTimer)
                  000010ea    0000000e     rtsv7M4_T_le_v4SPD16_eabi.lib : copy_decompress_none.c.obj (.text:decompress:none:__TI_decompress_none)
                  000010f8    0000000c     startup_msp432p401r_ccs.obj (.text:Reset_Handler)
                  00001104    00000004     rtsv7M4_T_le_v4SPD16_eabi.lib : pre_init.c.obj (.text:_system_pre_init)
                  00001108    00000004                                   : exit.c.obj (.text:abort:abort)
                  0000110c    00000002     startup_msp432p401r_ccs.obj (.text:Default_Handler)

.const     0    00001110    00000030     
                  00001110    00000030     msp432p4xx_driverlib.lib : gpio.o (.const:GPIO_PORT_TO_BASE)

.cinit     0    00001140    00000040     
                  00001140    00000015     (.cinit..data.load) [load image, compression = lzss]
                  00001155    00000003     --HOLE-- [fill = 0]
                  00001158    0000000c     (__TI_handler_table)
                  00001164    00000004     --HOLE-- [fill = 0]
                  00001168    00000008     (.cinit..bss.load) [load image, compression = zero_init]
                  00001170    00000010     (__TI_cinit_table)

.init_array 
*          0    00000000    00000000     UNINITIALIZED

.binit     0    00000000    00000000     

.data      0    20000000    00000022     UNINITIALIZED
                  20000000    00000022     lab10.obj (.data)

.bss       0    20000024    00000019     UNINITIALIZED
                  20000024    00000018     (.common:timerPWMConfig)
                  2000003c    00000001     (.common:LED2State)

.stack     0    2000fe00    00000200     UNINITIALIZED
                  2000fe00    00000004     rtsv7M4_T_le_v4SPD16_eabi.lib : boot_cortex_m.c.obj (.stack)
                  2000fe04    000001fc     --HOLE--

__llvm_prf_cnts 
*          0    20000000    00000000     UNINITIALIZED

MODULE SUMMARY

       Module                        code   ro data   rw data
       ------                        ----   -------   -------
    .\
       lab10.obj                     3276   0         118    
       system_msp432p401r.obj        120    0         0      
    +--+-----------------------------+------+---------+---------+
       Total:                        3396   0         118    
                                                             
    .\ccs\
       startup_msp432p401r_ccs.obj   14     228       0      
    +--+-----------------------------+------+---------+---------+
       Total:                        14     228       0      
                                                             
    C:/ti/simplelink_msp432p4_sdk_3_40_01_02/source/ti/devices/msp432p4xx/driverlib/ccs/msp432p4xx_driverlib.lib
       gpio.o                        256    48        0      
       timer_a.o                     42     0         0      
    +--+-----------------------------+------+---------+---------+
       Total:                        298    48        0      
                                                             
    C:\ti\ccs1271\ccs\tools\compiler\ti-cgt-arm_20.2.7.LTS\lib\rtsv7M4_T_le_v4SPD16_eabi.lib
       memcpy_t2.asm.obj             156    0         0      
       copy_decompress_lzss.c.obj    104    0         0      
       autoinit.c.obj                68     0         0      
       boot_cortex_m.c.obj           52     0         0      
       copy_zero_init.c.obj          28     0         0      
       copy_decompress_none.c.obj    14     0         0      
       exit.c.obj                    4      0         0      
       pre_init.c.obj                4      0         0      
    +--+-----------------------------+------+---------+---------+
       Total:                        430    0         0      
                                                             
       Stack:                        0      0         1024   
       Linker Generated:             0      57        0      
    +--+-----------------------------+------+---------+---------+
       Grand Total:                  4138   333       1142   


LINKER GENERATED COPY TABLES

__TI_cinit_table @ 00001170 records: 2, size/record: 8, table size: 16
	.data: load addr=00001140, load size=00000015 bytes, run addr=20000000, run size=00000022 bytes, compression=lzss
	.bss: load addr=00001168, load size=00000008 bytes, run addr=20000024, run size=00000019 bytes, compression=zero_init


LINKER GENERATED HANDLER TABLE

__TI_handler_table @ 00001158 records: 3, size/record: 4, table size: 12
	index: 0, handler: __TI_decompress_lzss
	index: 1, handler: __TI_decompress_none
	index: 2, handler: __TI_zero_init


GLOBAL SYMBOLS: SORTED ALPHABETICALLY BY Name 

address   name                          
-------   ----                          
0000110d  ADC14_IRQHandler              
0000110d  AES256_IRQHandler             
20000002  BMP0                          
20000003  BMPn                          
0000110d  BusFault_Handler              
00001109  C$$EXIT                       
0000110d  COMP_E0_IRQHandler            
0000110d  COMP_E1_IRQHandler            
0000110d  CS_IRQHandler                 
0000110d  DMA_ERR_IRQHandler            
0000110d  DMA_INT0_IRQHandler           
0000110d  DMA_INT1_IRQHandler           
0000110d  DMA_INT2_IRQHandler           
0000110d  DMA_INT3_IRQHandler           
0000110d  DebugMon_Handler              
0000110d  Default_Handler               
0000110d  EUSCIA0_IRQHandler            
0000110d  EUSCIA1_IRQHandler            
0000110d  EUSCIA2_IRQHandler            
0000110d  EUSCIA3_IRQHandler            
0000110d  EUSCIB0_IRQHandler            
0000110d  EUSCIB1_IRQHandler            
0000110d  EUSCIB2_IRQHandler            
0000110d  EUSCIB3_IRQHandler            
0000110d  FLCTL_IRQHandler              
0000110d  FPU_IRQHandler                
00000f35  GPIO_clearInterruptFlag       
00000f5d  GPIO_enableInterrupt          
00000fd5  GPIO_getInterruptStatus       
00000ec5  GPIO_interruptEdgeSelect      
00000f85  GPIO_setOutputHighOnPin       
00000fad  GPIO_setOutputLowOnPin        
0000110d  HardFault_Handler             
20000004  LED1State                     
2000003c  LED2State                     
0000065d  LEDStatesControl              
0000110d  MemManage_Handler             
0000110d  NMI_Handler                   
0000110d  PCM_IRQHandler                
0000110d  PORT1_IRQHandler              
0000110d  PORT2_IRQHandler              
0000110d  PORT3_IRQHandler              
0000110d  PORT4_IRQHandler              
0000110d  PORT5_IRQHandler              
0000110d  PORT6_IRQHandler              
0000110d  PSS_IRQHandler                
0000110d  PendSV_Handler                
0000110d  RTC_C_IRQHandler              
000010f9  Reset_Handler                 
0000110d  SVC_Handler                   
0000110d  SysTick_Handler               
00000d0d  SystemInit                    
0000110d  T32_INT1_IRQHandler           
0000110d  T32_INT2_IRQHandler           
0000110d  T32_INTC_IRQHandler           
0000110d  TA0_0_IRQHandler              
0000110d  TA0_N_IRQHandler              
0000110d  TA1_0_IRQHandler              
0000110d  TA1_N_IRQHandler              
0000110d  TA2_0_IRQHandler              
0000110d  TA2_N_IRQHandler              
0000110d  TA3_0_IRQHandler              
0000110d  TA3_N_IRQHandler              
000010c1  Timer_A_startCounter          
000010d7  Timer_A_stopTimer             
0000110d  UsageFault_Handler            
4000480c  WDTCTL_SYM                    
0000110d  WDT_A_IRQHandler              
20010000  __STACK_END                   
00000200  __STACK_SIZE                  
00001170  __TI_CINIT_Base               
00001180  __TI_CINIT_Limit              
00001158  __TI_Handler_Table_Base       
00001164  __TI_Handler_Table_Limit      
00000e41  __TI_auto_init_nobinit_nopinit
00000d85  __TI_decompress_lzss          
000010eb  __TI_decompress_none          
ffffffff  __TI_pprof_out_hndl           
ffffffff  __TI_prof_data_size           
ffffffff  __TI_prof_data_start          
00000000  __TI_static_base__            
0000103d  __TI_zero_init_nomemset       
00000ad5  __aeabi_memcpy                
00000ad5  __aeabi_memcpy4               
00000ad5  __aeabi_memcpy8               
ffffffff  __binit__                     
ffffffff  __c_args__                    
UNDEFED   __mpu_init                    
2000fe00  __stack                       
20000000  __start___llvm_prf_cnts       
20000000  __stop___llvm_prf_cnts        
00000f01  _c_int00_noargs               
UNDEFED   _system_post_cinit            
00001105  _system_pre_init              
00001109  abort                         
ffffffff  binit                         
00000555  calculateP                    
00000ded  clearSensorValueArray         
00000b71  configPWMTimer                
00000e85  configure432IO                
00000851  configureRobotIO              
20000020  control                       
20000008  currentCorrectionNeeded       
20000005  currentMode                   
20000006  currentSpeedL                 
20000007  currentSpeedR                 
2000001e  error                         
2000001a  errorDenominator              
20000018  errorNumerator                
00000ff9  handleStandBy                 
00000000  interruptVectors              
2000001c  lastError                     
2000000a  leftCount                     
20000000  leftMotorState                
000000e5  main                          
00000ad5  memcpy                        
0000075d  processSensorData             
000002e9  readLineSensors               
2000000b  rightCount                    
20000001  rightMotorState               
20000010  sensorValue0                  
20000011  sensorValue1                  
20000012  sensorValue2                  
20000013  sensorValue3                  
20000014  sensorValue4                  
20000015  sensorValue5                  
20000016  sensorValue6                  
20000017  sensorValue7                  
20000009  sensorValues                  
00000c01  serviceLEDs                   
0000092d  serviceLeftMotor              
00000a01  serviceRightMotor             
2000000e  timeNotGreen                  
20000024  timerPWMConfig                
00001091  toggleAllLEDSOFFTest          
000010a9  toggleAllLEDSONTest           
0000101b  toggleRSLKLEDTest             
2000000c  totalCount                    
00001059  turnOffWhiteLED2              
00001075  turnOnWhiteLED2               
00000449  updateDutyFromError           
00000c89  updateDutyState               


GLOBAL SYMBOLS: SORTED BY Symbol Address 

address   name                          
-------   ----                          
00000000  __TI_static_base__            
00000000  interruptVectors              
000000e5  main                          
00000200  __STACK_SIZE                  
000002e9  readLineSensors               
00000449  updateDutyFromError           
00000555  calculateP                    
0000065d  LEDStatesControl              
0000075d  processSensorData             
00000851  configureRobotIO              
0000092d  serviceLeftMotor              
00000a01  serviceRightMotor             
00000ad5  __aeabi_memcpy                
00000ad5  __aeabi_memcpy4               
00000ad5  __aeabi_memcpy8               
00000ad5  memcpy                        
00000b71  configPWMTimer                
00000c01  serviceLEDs                   
00000c89  updateDutyState               
00000d0d  SystemInit                    
00000d85  __TI_decompress_lzss          
00000ded  clearSensorValueArray         
00000e41  __TI_auto_init_nobinit_nopinit
00000e85  configure432IO                
00000ec5  GPIO_interruptEdgeSelect      
00000f01  _c_int00_noargs               
00000f35  GPIO_clearInterruptFlag       
00000f5d  GPIO_enableInterrupt          
00000f85  GPIO_setOutputHighOnPin       
00000fad  GPIO_setOutputLowOnPin        
00000fd5  GPIO_getInterruptStatus       
00000ff9  handleStandBy                 
0000101b  toggleRSLKLEDTest             
0000103d  __TI_zero_init_nomemset       
00001059  turnOffWhiteLED2              
00001075  turnOnWhiteLED2               
00001091  toggleAllLEDSOFFTest          
000010a9  toggleAllLEDSONTest           
000010c1  Timer_A_startCounter          
000010d7  Timer_A_stopTimer             
000010eb  __TI_decompress_none          
000010f9  Reset_Handler                 
00001105  _system_pre_init              
00001109  C$$EXIT                       
00001109  abort                         
0000110d  ADC14_IRQHandler              
0000110d  AES256_IRQHandler             
0000110d  BusFault_Handler              
0000110d  COMP_E0_IRQHandler            
0000110d  COMP_E1_IRQHandler            
0000110d  CS_IRQHandler                 
0000110d  DMA_ERR_IRQHandler            
0000110d  DMA_INT0_IRQHandler           
0000110d  DMA_INT1_IRQHandler           
0000110d  DMA_INT2_IRQHandler           
0000110d  DMA_INT3_IRQHandler           
0000110d  DebugMon_Handler              
0000110d  Default_Handler               
0000110d  EUSCIA0_IRQHandler            
0000110d  EUSCIA1_IRQHandler            
0000110d  EUSCIA2_IRQHandler            
0000110d  EUSCIA3_IRQHandler            
0000110d  EUSCIB0_IRQHandler            
0000110d  EUSCIB1_IRQHandler            
0000110d  EUSCIB2_IRQHandler            
0000110d  EUSCIB3_IRQHandler            
0000110d  FLCTL_IRQHandler              
0000110d  FPU_IRQHandler                
0000110d  HardFault_Handler             
0000110d  MemManage_Handler             
0000110d  NMI_Handler                   
0000110d  PCM_IRQHandler                
0000110d  PORT1_IRQHandler              
0000110d  PORT2_IRQHandler              
0000110d  PORT3_IRQHandler              
0000110d  PORT4_IRQHandler              
0000110d  PORT5_IRQHandler              
0000110d  PORT6_IRQHandler              
0000110d  PSS_IRQHandler                
0000110d  PendSV_Handler                
0000110d  RTC_C_IRQHandler              
0000110d  SVC_Handler                   
0000110d  SysTick_Handler               
0000110d  T32_INT1_IRQHandler           
0000110d  T32_INT2_IRQHandler           
0000110d  T32_INTC_IRQHandler           
0000110d  TA0_0_IRQHandler              
0000110d  TA0_N_IRQHandler              
0000110d  TA1_0_IRQHandler              
0000110d  TA1_N_IRQHandler              
0000110d  TA2_0_IRQHandler              
0000110d  TA2_N_IRQHandler              
0000110d  TA3_0_IRQHandler              
0000110d  TA3_N_IRQHandler              
0000110d  UsageFault_Handler            
0000110d  WDT_A_IRQHandler              
00001158  __TI_Handler_Table_Base       
00001164  __TI_Handler_Table_Limit      
00001170  __TI_CINIT_Base               
00001180  __TI_CINIT_Limit              
20000000  __start___llvm_prf_cnts       
20000000  __stop___llvm_prf_cnts        
20000000  leftMotorState                
20000001  rightMotorState               
20000002  BMP0                          
20000003  BMPn                          
20000004  LED1State                     
20000005  currentMode                   
20000006  currentSpeedL                 
20000007  currentSpeedR                 
20000008  currentCorrectionNeeded       
20000009  sensorValues                  
2000000a  leftCount                     
2000000b  rightCount                    
2000000c  totalCount                    
2000000e  timeNotGreen                  
20000010  sensorValue0                  
20000011  sensorValue1                  
20000012  sensorValue2                  
20000013  sensorValue3                  
20000014  sensorValue4                  
20000015  sensorValue5                  
20000016  sensorValue6                  
20000017  sensorValue7                  
20000018  errorNumerator                
2000001a  errorDenominator              
2000001c  lastError                     
2000001e  error                         
20000020  control                       
20000024  timerPWMConfig                
2000003c  LED2State                     
2000fe00  __stack                       
20010000  __STACK_END                   
4000480c  WDTCTL_SYM                    
ffffffff  __TI_pprof_out_hndl           
ffffffff  __TI_prof_data_size           
ffffffff  __TI_prof_data_start          
ffffffff  __binit__                     
ffffffff  __c_args__                    
ffffffff  binit                         
UNDEFED   __mpu_init                    
UNDEFED   _system_post_cinit            

[142 symbols]
