******************************************************************************
                  TI ARM Linker PC v20.2.7                     
******************************************************************************
>> Linked Tue Mar  3 13:56:49 2026

OUTPUT FILE NAME:   <lab5.out>
ENTRY POINT SYMBOL: "_c_int00_noargs"  address: 00000a5d


MEMORY CONFIGURATION

         name            origin    length      used     unused   attr    fill
----------------------  --------  ---------  --------  --------  ----  --------
  MAIN                  00000000   00040000  00000c38  0003f3c8  R  X
  INFO                  00200000   00004000  00000000  00004000  R  X
  SRAM_CODE             01000000   00010000  00000304  0000fcfc  RW X
  SRAM_DATA             20000000   00010000  00000304  0000fcfc  RW  


SEGMENT ALLOCATION MAP

run origin  load origin   length   init length attrs members
----------  ----------- ---------- ----------- ----- -------
00000000    00000000    00000c38   00000c38    r-x
  00000000    00000000    000000e4   000000e4    r-- .intvecs
  000000e4    000000e4    00000ac0   00000ac0    r-x .text
  00000ba4    00000ba4    00000054   00000054    r-- .const
  00000bf8    00000bf8    00000040   00000040    r-- .cinit
20000000    20000000    00000104   00000000    rw-
  20000000    20000000    000000e8   00000000    rw- .vtable
  200000e8    200000e8    00000018   00000000    rw- .bss
  20000100    20000100    00000004   00000000    rw- .data
2000fe00    2000fe00    00000200   00000000    rw-
  2000fe00    2000fe00    00000200   00000000    rw- .stack


SECTION ALLOCATION MAP

 output                                  attributes/
section   page    origin      length       input sections
--------  ----  ----------  ----------   ----------------
.intvecs   0    00000000    000000e4     
                  00000000    000000e4     startup_msp432p401r_ccs.obj (.intvecs:retain)

.text      0    000000e4    00000ac0     
                  000000e4    00000154     lab5.obj (.text:main)
                  00000238    000000ec     lab5.obj (.text:bumperSwitchesHandler)
                  00000324    000000d4     lab5.obj (.text:serviceLeftMotor)
                  000003f8    000000d4     lab5.obj (.text:serviceRightMotor)
                  000004cc    000000b0     lab5.obj (.text:configureRobotIO)
                  0000057c    0000009c     rtsv7M4_T_le_v4SPD16_eabi.lib : memcpy_t2.asm.obj (.text)
                  00000618    0000009c     lab5.obj (.text:serviceLeftMotorLED)
                  000006b4    0000009c     lab5.obj (.text:serviceRightMotorLED)
                  00000750    00000090     lab5.obj (.text:configPWMTimer)
                  000007e0    00000080     msp432p4xx_driverlib.lib : interrupt.o (.text:Interrupt_enableInterrupt)
                  00000860    00000078     system_msp432p401r.obj (.text:SystemInit)
                  000008d8    00000068     rtsv7M4_T_le_v4SPD16_eabi.lib : copy_decompress_lzss.c.obj (.text:decompress:lzss:__TI_decompress_lzss)
                  00000940    0000005c     msp432p4xx_driverlib.lib : interrupt.o (.text:Interrupt_registerInterrupt)
                  0000099c    00000044     rtsv7M4_T_le_v4SPD16_eabi.lib : autoinit.c.obj (.text:__TI_auto_init_nobinit_nopinit:__TI_auto_init_nobinit_nopinit)
                  000009e0    00000040     lab5.obj (.text:configure432IO)
                  00000a20    0000003c     msp432p4xx_driverlib.lib : gpio.o (.text:GPIO_interruptEdgeSelect)
                  00000a5c    00000034     rtsv7M4_T_le_v4SPD16_eabi.lib : boot_cortex_m.c.obj (.text:_c_int00_noargs:_c_int00_noargs)
                  00000a90    00000028     msp432p4xx_driverlib.lib : gpio.o (.text:GPIO_clearInterruptFlag)
                  00000ab8    00000028                              : gpio.o (.text:GPIO_enableInterrupt)
                  00000ae0    00000024                              : gpio.o (.text:GPIO_registerInterrupt)
                  00000b04    0000001c     rtsv7M4_T_le_v4SPD16_eabi.lib : copy_zero_init.c.obj (.text:decompress:ZI:__TI_zero_init_nomemset:__TI_zero_init_nomemset)
                  00000b20    0000001a     lab5.obj (.text:toggleRSLKLEDTest)
                  00000b3a    00000002     startup_msp432p401r_ccs.obj (.text:Default_Handler)
                  00000b3c    00000018     lab5.obj (.text:toggleAllLEDSOFFTest)
                  00000b54    00000018     lab5.obj (.text:toggleAllLEDSONTest)
                  00000b6c    00000016     msp432p4xx_driverlib.lib : timer_a.o (.text:Timer_A_startCounter)
                  00000b82    0000000e     rtsv7M4_T_le_v4SPD16_eabi.lib : copy_decompress_none.c.obj (.text:decompress:none:__TI_decompress_none)
                  00000b90    0000000c     startup_msp432p401r_ccs.obj (.text:Reset_Handler)
                  00000b9c    00000004     rtsv7M4_T_le_v4SPD16_eabi.lib : pre_init.c.obj (.text:_system_pre_init)
                  00000ba0    00000004                                   : exit.c.obj (.text:abort:abort)

.const     0    00000ba4    00000054     
                  00000ba4    00000030     msp432p4xx_driverlib.lib : gpio.o (.const:GPIO_PORT_TO_BASE)
                  00000bd4    0000001c                              : gpio.o (.const:GPIO_PORT_TO_INT)
                  00000bf0    00000008                              : interrupt.o (.const:g_pulEnRegs)

.cinit     0    00000bf8    00000040     
                  00000bf8    0000000c     (__TI_handler_table)
                  00000c04    00000004     --HOLE-- [fill = 0]
                  00000c08    00000008     (.cinit..bss.load) [load image, compression = zero_init]
                  00000c10    00000008     (.cinit..data.load) [load image, compression = lzss]
                  00000c18    00000008     (.cinit..vtable.load) [load image, compression = zero_init]
                  00000c20    00000018     (__TI_cinit_table)

.init_array 
*          0    00000000    00000000     UNINITIALIZED

.binit     0    00000000    00000000     

.vtable    0    20000000    000000e8     UNINITIALIZED
                  20000000    000000e8     msp432p4xx_driverlib.lib : interrupt.o (.vtable)

.bss       0    200000e8    00000018     UNINITIALIZED
                  200000e8    00000018     (.common:timerPWMConfig)

.data      0    20000100    00000004     UNINITIALIZED
                  20000100    00000004     lab5.obj (.data)

.stack     0    2000fe00    00000200     UNINITIALIZED
                  2000fe00    00000004     rtsv7M4_T_le_v4SPD16_eabi.lib : boot_cortex_m.c.obj (.stack)
                  2000fe04    000001fc     --HOLE--

__llvm_prf_cnts 
*          0    20000000    00000000     UNINITIALIZED

MODULE SUMMARY

       Module                        code   ro data   rw data
       ------                        ----   -------   -------
    .\
       lab5.obj                      1770   0         56     
       system_msp432p401r.obj        120    0         0      
    +--+-----------------------------+------+---------+---------+
       Total:                        1890   0         56     
                                                             
    .\ccs\
       startup_msp432p401r_ccs.obj   14     228       0      
    +--+-----------------------------+------+---------+---------+
       Total:                        14     228       0      
                                                             
    C:/ti/simplelink_msp432p4_sdk_3_40_01_02/source/ti/devices/msp432p4xx/driverlib/ccs/msp432p4xx_driverlib.lib
       interrupt.o                   220    8         464    
       gpio.o                        176    76        0      
       timer_a.o                     22     0         0      
    +--+-----------------------------+------+---------+---------+
       Total:                        418    84        464    
                                                             
    C:\ti\ccs1271\ccs\tools\compiler\ti-cgt-arm_20.2.7.LTS\lib\rtsv7M4_T_le_v4SPD16_eabi.lib
       memcpy_t2.asm.obj             156    0         0      
       copy_decompress_lzss.c.obj    104    0         0      
       autoinit.c.obj                68     0         0      
       boot_cortex_m.c.obj           52     0         0      
       copy_zero_init.c.obj          28     0         0      
       copy_decompress_none.c.obj    14     0         0      
       exit.c.obj                    4      0         0      
       pre_init.c.obj                4      0         0      
    +--+-----------------------------+------+---------+---------+
       Total:                        430    0         0      
                                                             
       Stack:                        0      0         1024   
       Linker Generated:             0      60        0      
    +--+-----------------------------+------+---------+---------+
       Grand Total:                  2752   372       1544   


LINKER GENERATED COPY TABLES

__TI_cinit_table @ 00000c20 records: 3, size/record: 8, table size: 24
	.bss: load addr=00000c08, load size=00000008 bytes, run addr=200000e8, run size=00000018 bytes, compression=zero_init
	.data: load addr=00000c10, load size=00000008 bytes, run addr=20000100, run size=00000004 bytes, compression=lzss
	.vtable: load addr=00000c18, load size=00000008 bytes, run addr=20000000, run size=000000e8 bytes, compression=zero_init


LINKER GENERATED HANDLER TABLE

__TI_handler_table @ 00000bf8 records: 3, size/record: 4, table size: 12
	index: 0, handler: __TI_zero_init
	index: 1, handler: __TI_decompress_lzss
	index: 2, handler: __TI_decompress_none


GLOBAL SYMBOLS: SORTED ALPHABETICALLY BY Name 

address   name                          
-------   ----                          
00000b3b  ADC14_IRQHandler              
00000b3b  AES256_IRQHandler             
20000102  BMP0                          
20000103  BMPn                          
00000b3b  BusFault_Handler              
00000ba1  C$$EXIT                       
00000b3b  COMP_E0_IRQHandler            
00000b3b  COMP_E1_IRQHandler            
00000b3b  CS_IRQHandler                 
00000b3b  DMA_ERR_IRQHandler            
00000b3b  DMA_INT0_IRQHandler           
00000b3b  DMA_INT1_IRQHandler           
00000b3b  DMA_INT2_IRQHandler           
00000b3b  DMA_INT3_IRQHandler           
00000b3b  DebugMon_Handler              
00000b3b  Default_Handler               
00000b3b  EUSCIA0_IRQHandler            
00000b3b  EUSCIA1_IRQHandler            
00000b3b  EUSCIA2_IRQHandler            
00000b3b  EUSCIA3_IRQHandler            
00000b3b  EUSCIB0_IRQHandler            
00000b3b  EUSCIB1_IRQHandler            
00000b3b  EUSCIB2_IRQHandler            
00000b3b  EUSCIB3_IRQHandler            
00000b3b  FLCTL_IRQHandler              
00000b3b  FPU_IRQHandler                
00000a91  GPIO_clearInterruptFlag       
00000ab9  GPIO_enableInterrupt          
00000a21  GPIO_interruptEdgeSelect      
00000ae1  GPIO_registerInterrupt        
00000b3b  HardFault_Handler             
000007e1  Interrupt_enableInterrupt     
00000941  Interrupt_registerInterrupt   
00000b3b  MemManage_Handler             
00000b3b  NMI_Handler                   
00000b3b  PCM_IRQHandler                
00000b3b  PORT1_IRQHandler              
00000b3b  PORT2_IRQHandler              
00000b3b  PORT3_IRQHandler              
00000b3b  PORT4_IRQHandler              
00000b3b  PORT5_IRQHandler              
00000b3b  PORT6_IRQHandler              
00000b3b  PSS_IRQHandler                
00000b3b  PendSV_Handler                
00000b3b  RTC_C_IRQHandler              
00000b91  Reset_Handler                 
00000b3b  SVC_Handler                   
00000b3b  SysTick_Handler               
00000861  SystemInit                    
00000b3b  T32_INT1_IRQHandler           
00000b3b  T32_INT2_IRQHandler           
00000b3b  T32_INTC_IRQHandler           
00000b3b  TA0_0_IRQHandler              
00000b3b  TA0_N_IRQHandler              
00000b3b  TA1_0_IRQHandler              
00000b3b  TA1_N_IRQHandler              
00000b3b  TA2_0_IRQHandler              
00000b3b  TA2_N_IRQHandler              
00000b3b  TA3_0_IRQHandler              
00000b3b  TA3_N_IRQHandler              
00000b6d  Timer_A_startCounter          
00000b3b  UsageFault_Handler            
4000480c  WDTCTL_SYM                    
00000b3b  WDT_A_IRQHandler              
20010000  __STACK_END                   
00000200  __STACK_SIZE                  
00000c20  __TI_CINIT_Base               
00000c38  __TI_CINIT_Limit              
00000bf8  __TI_Handler_Table_Base       
00000c04  __TI_Handler_Table_Limit      
0000099d  __TI_auto_init_nobinit_nopinit
000008d9  __TI_decompress_lzss          
00000b83  __TI_decompress_none          
ffffffff  __TI_pprof_out_hndl           
ffffffff  __TI_prof_data_size           
ffffffff  __TI_prof_data_start          
00000000  __TI_static_base__            
00000b05  __TI_zero_init_nomemset       
0000057d  __aeabi_memcpy                
0000057d  __aeabi_memcpy4               
0000057d  __aeabi_memcpy8               
ffffffff  __binit__                     
ffffffff  __c_args__                    
UNDEFED   __mpu_init                    
2000fe00  __stack                       
20000000  __start___llvm_prf_cnts       
20000000  __stop___llvm_prf_cnts        
00000a5d  _c_int00_noargs               
UNDEFED   _system_post_cinit            
00000b9d  _system_pre_init              
00000ba1  abort                         
ffffffff  binit                         
00000239  bumperSwitchesHandler         
00000751  configPWMTimer                
000009e1  configure432IO                
000004cd  configureRobotIO              
20000000  g_pfnRAMVectors               
00000000  interruptVectors              
20000100  leftMotorState                
000000e5  main                          
0000057d  memcpy                        
20000101  rightMotorState               
00000325  serviceLeftMotor              
00000619  serviceLeftMotorLED           
000003f9  serviceRightMotor             
000006b5  serviceRightMotorLED          
200000e8  timerPWMConfig                
00000b3d  toggleAllLEDSOFFTest          
00000b55  toggleAllLEDSONTest           
00000b21  toggleRSLKLEDTest             


GLOBAL SYMBOLS: SORTED BY Symbol Address 

address   name                          
-------   ----                          
00000000  __TI_static_base__            
00000000  interruptVectors              
000000e5  main                          
00000200  __STACK_SIZE                  
00000239  bumperSwitchesHandler         
00000325  serviceLeftMotor              
000003f9  serviceRightMotor             
000004cd  configureRobotIO              
0000057d  __aeabi_memcpy                
0000057d  __aeabi_memcpy4               
0000057d  __aeabi_memcpy8               
0000057d  memcpy                        
00000619  serviceLeftMotorLED           
000006b5  serviceRightMotorLED          
00000751  configPWMTimer                
000007e1  Interrupt_enableInterrupt     
00000861  SystemInit                    
000008d9  __TI_decompress_lzss          
00000941  Interrupt_registerInterrupt   
0000099d  __TI_auto_init_nobinit_nopinit
000009e1  configure432IO                
00000a21  GPIO_interruptEdgeSelect      
00000a5d  _c_int00_noargs               
00000a91  GPIO_clearInterruptFlag       
00000ab9  GPIO_enableInterrupt          
00000ae1  GPIO_registerInterrupt        
00000b05  __TI_zero_init_nomemset       
00000b21  toggleRSLKLEDTest             
00000b3b  ADC14_IRQHandler              
00000b3b  AES256_IRQHandler             
00000b3b  BusFault_Handler              
00000b3b  COMP_E0_IRQHandler            
00000b3b  COMP_E1_IRQHandler            
00000b3b  CS_IRQHandler                 
00000b3b  DMA_ERR_IRQHandler            
00000b3b  DMA_INT0_IRQHandler           
00000b3b  DMA_INT1_IRQHandler           
00000b3b  DMA_INT2_IRQHandler           
00000b3b  DMA_INT3_IRQHandler           
00000b3b  DebugMon_Handler              
00000b3b  Default_Handler               
00000b3b  EUSCIA0_IRQHandler            
00000b3b  EUSCIA1_IRQHandler            
00000b3b  EUSCIA2_IRQHandler            
00000b3b  EUSCIA3_IRQHandler            
00000b3b  EUSCIB0_IRQHandler            
00000b3b  EUSCIB1_IRQHandler            
00000b3b  EUSCIB2_IRQHandler            
00000b3b  EUSCIB3_IRQHandler            
00000b3b  FLCTL_IRQHandler              
00000b3b  FPU_IRQHandler                
00000b3b  HardFault_Handler             
00000b3b  MemManage_Handler             
00000b3b  NMI_Handler                   
00000b3b  PCM_IRQHandler                
00000b3b  PORT1_IRQHandler              
00000b3b  PORT2_IRQHandler              
00000b3b  PORT3_IRQHandler              
00000b3b  PORT4_IRQHandler              
00000b3b  PORT5_IRQHandler              
00000b3b  PORT6_IRQHandler              
00000b3b  PSS_IRQHandler                
00000b3b  PendSV_Handler                
00000b3b  RTC_C_IRQHandler              
00000b3b  SVC_Handler                   
00000b3b  SysTick_Handler               
00000b3b  T32_INT1_IRQHandler           
00000b3b  T32_INT2_IRQHandler           
00000b3b  T32_INTC_IRQHandler           
00000b3b  TA0_0_IRQHandler              
00000b3b  TA0_N_IRQHandler              
00000b3b  TA1_0_IRQHandler              
00000b3b  TA1_N_IRQHandler              
00000b3b  TA2_0_IRQHandler              
00000b3b  TA2_N_IRQHandler              
00000b3b  TA3_0_IRQHandler              
00000b3b  TA3_N_IRQHandler              
00000b3b  UsageFault_Handler            
00000b3b  WDT_A_IRQHandler              
00000b3d  toggleAllLEDSOFFTest          
00000b55  toggleAllLEDSONTest           
00000b6d  Timer_A_startCounter          
00000b83  __TI_decompress_none          
00000b91  Reset_Handler                 
00000b9d  _system_pre_init              
00000ba1  C$$EXIT                       
00000ba1  abort                         
00000bf8  __TI_Handler_Table_Base       
00000c04  __TI_Handler_Table_Limit      
00000c20  __TI_CINIT_Base               
00000c38  __TI_CINIT_Limit              
20000000  __start___llvm_prf_cnts       
20000000  __stop___llvm_prf_cnts        
20000000  g_pfnRAMVectors               
200000e8  timerPWMConfig                
20000100  leftMotorState                
20000101  rightMotorState               
20000102  BMP0                          
20000103  BMPn                          
2000fe00  __stack                       
20010000  __STACK_END                   
4000480c  WDTCTL_SYM                    
ffffffff  __TI_pprof_out_hndl           
ffffffff  __TI_prof_data_size           
ffffffff  __TI_prof_data_start          
ffffffff  __binit__                     
ffffffff  __c_args__                    
ffffffff  binit                         
UNDEFED   __mpu_init                    
UNDEFED   _system_post_cinit            

[110 symbols]
